Archive member included because of file (symbol)

/opt/devkitpro/libogc/lib/wii/libwiiuse.a(wpad.o)
                              test.o (WPAD_Init)
/opt/devkitpro/libogc/lib/wii/libwiiuse.a(motion_plus.o)
                              /opt/devkitpro/libogc/lib/wii/libwiiuse.a(wpad.o) (wiiuse_set_motion_plus)
/opt/devkitpro/libogc/lib/wii/libwiiuse.a(dynamics.o)
                              /opt/devkitpro/libogc/lib/wii/libwiiuse.a(wpad.o) (calculate_gforce)
/opt/devkitpro/libogc/lib/wii/libwiiuse.a(io.o)
                              /opt/devkitpro/libogc/lib/wii/libwiiuse.a(motion_plus.o) (wiiuse_disable_expansion)
/opt/devkitpro/libogc/lib/wii/libwiiuse.a(io_wii.o)
                              /opt/devkitpro/libogc/lib/wii/libwiiuse.a(wpad.o) (__wiiuse_sensorbar_enable)
/opt/devkitpro/libogc/lib/wii/libwiiuse.a(ir.o)
                              /opt/devkitpro/libogc/lib/wii/libwiiuse.a(motion_plus.o) (wiiuse_set_ir_mode)
/opt/devkitpro/libogc/lib/wii/libwiiuse.a(nunchuk.o)
                              /opt/devkitpro/libogc/lib/wii/libwiiuse.a(io.o) (nunchuk_handshake)
/opt/devkitpro/libogc/lib/wii/libwiiuse.a(wiiboard.o)
                              /opt/devkitpro/libogc/lib/wii/libwiiuse.a(io.o) (wii_board_handshake)
/opt/devkitpro/libogc/lib/wii/libwiiuse.a(wiiuse.o)
                              /opt/devkitpro/libogc/lib/wii/libwiiuse.a(wpad.o) (wiiuse_init)
/opt/devkitpro/libogc/lib/wii/libwiiuse.a(speaker.o)
                              /opt/devkitpro/libogc/lib/wii/libwiiuse.a(wpad.o) (wencdata)
/opt/devkitpro/libogc/lib/wii/libwiiuse.a(classic.o)
                              /opt/devkitpro/libogc/lib/wii/libwiiuse.a(io.o) (classic_ctrl_handshake)
/opt/devkitpro/libogc/lib/wii/libwiiuse.a(events.o)
                              /opt/devkitpro/libogc/lib/wii/libwiiuse.a(io_wii.o) (parse_event)
/opt/devkitpro/libogc/lib/wii/libwiiuse.a(guitar_hero_3.o)
                              /opt/devkitpro/libogc/lib/wii/libwiiuse.a(io.o) (guitar_hero_3_handshake)
/opt/devkitpro/libogc/lib/wii/libbte.a(bte.o)
                              /opt/devkitpro/libogc/lib/wii/libwiiuse.a(wpad.o) (BTE_Init)
/opt/devkitpro/libogc/lib/wii/libbte.a(hci.o)
                              /opt/devkitpro/libogc/lib/wii/libbte.a(bte.o) (hci_init)
/opt/devkitpro/libogc/lib/wii/libbte.a(l2cap.o)
                              /opt/devkitpro/libogc/lib/wii/libbte.a(bte.o) (l2cap_init)
/opt/devkitpro/libogc/lib/wii/libbte.a(btmemb.o)
                              /opt/devkitpro/libogc/lib/wii/libbte.a(bte.o) (btmemb_init)
/opt/devkitpro/libogc/lib/wii/libbte.a(btmemr.o)
                              /opt/devkitpro/libogc/lib/wii/libbte.a(hci.o) (btmemr_init)
/opt/devkitpro/libogc/lib/wii/libbte.a(btpbuf.o)
                              /opt/devkitpro/libogc/lib/wii/libbte.a(hci.o) (btpbuf_init)
/opt/devkitpro/libogc/lib/wii/libbte.a(physbusif.o)
                              /opt/devkitpro/libogc/lib/wii/libbte.a(bte.o) (physbusif_init)
/opt/devkitpro/libogc/lib/wii/libogc.a(console.o)
                              s_errors.o (CON_Init)
/opt/devkitpro/libogc/lib/wii/libogc.a(lwp_queue.o)
                              /opt/devkitpro/libogc/lib/wii/libwiiuse.a(io_wii.o) (__lwp_queue_initialize)
/opt/devkitpro/libogc/lib/wii/libogc.a(lwp_threads.o)
                              /opt/devkitpro/libogc/lib/wii/libwiiuse.a(wpad.o) (_thread_dispatch_disable_level)
/opt/devkitpro/libogc/lib/wii/libogc.a(lwp.o)
                              /opt/devkitpro/libogc/lib/wii/libbte.a(bte.o) (LWP_InitQueue)
/opt/devkitpro/libogc/lib/wii/libogc.a(lwp_handler.o)
                              /opt/devkitpro/libogc/lib/wii/libogc.a(lwp_threads.o) (_cpu_context_save_fp)
/opt/devkitpro/libogc/lib/wii/libogc.a(lwp_stack.o)
                              /opt/devkitpro/libogc/lib/wii/libogc.a(lwp_threads.o) (__lwp_stack_allocate)
/opt/devkitpro/libogc/lib/wii/libogc.a(lwp_watchdog.o)
                              /opt/devkitpro/libogc/lib/wii/libogc.a(lwp_threads.o) (_wd_ticks_queue)
/opt/devkitpro/libogc/lib/wii/libogc.a(lwp_wkspace.o)
                              /opt/devkitpro/libogc/lib/wii/libwiiuse.a(io.o) (__wkspace_heap)
/opt/devkitpro/libogc/lib/wii/libogc.a(lwp_objmgr.o)
                              /opt/devkitpro/libogc/lib/wii/libogc.a(lwp.o) (__lwp_objmgr_initinfo)
/opt/devkitpro/libogc/lib/wii/libogc.a(lwp_heap.o)
                              /opt/devkitpro/libogc/lib/wii/libogc.a(lwp_wkspace.o) (__lwp_heap_init)
/opt/devkitpro/libogc/lib/wii/libogc.a(sys_state.o)
                              /opt/devkitpro/libogc/lib/wii/libogc.a(lwp_threads.o) (_sys_state_curr)
/opt/devkitpro/libogc/lib/wii/libogc.a(irq.o)
                              /opt/devkitpro/libogc/lib/wii/libwiiuse.a(io_wii.o) (IRQ_Disable)
/opt/devkitpro/libogc/lib/wii/libogc.a(video.o)
                              /opt/devkitpro/libogc/lib/wii/libogc.a(console.o) (VIDEO_GetCurrentFramebuffer)
/opt/devkitpro/libogc/lib/wii/libogc.a(mutex.o)
[...]
Memory Configuration

Name             Origin             Length             Attributes
*default*        0x00000000         0xffffffff

Linker script and memory map

                0x00003400                . = 0x3400

.stub
 *(.stub)
                0x80004000                . = 0x80004000

.init           0x80004000      0x194
 *crt0.o(*.init)
 .init          0x80004000      0x170 /opt/devkitpro/libogc/lib/wii/libogc.a(ogc_crt0.o)
                0x80004000                _start
                0x80004140                _memset
 *(.init)
 .init          0x80004170        0xc /opt/devkitpro/devkitPPC/lib/gcc/powerpc-eabi/4.8.2/ecrti.o
                0x80004170                __init
 .init          0x8000417c        0x4 /opt/devkitpro/devkitPPC/lib/gcc/powerpc-eabi/4.8.2/crtbegin.o
 .init          0x80004180        0x4 /opt/devkitpro/devkitPPC/lib/gcc/powerpc-eabi/4.8.2/crtend.o
 .init          0x80004184       0x10 /opt/devkitpro/devkitPPC/lib/gcc/powerpc-eabi/4.8.2/ecrtn.o

.rela.dyn       0x80004194        0x0
 .rela.iplt     0x00000000        0x0 /opt/devkitpro/devkitPPC/lib/gcc/powerpc-eabi/4.8.2/crtbegin.o

.plt
 *(.plt)

.interp
 *(.interp)

.hash
 *(.hash)

.dynsym
 *(.dynsym)

.dynstr
 *(.dynstr)

.gnu.version
 *(.gnu.version)

.gnu.version_d
 *(.gnu.version_d)

.gnu.version_r
 *(.gnu.version_r)

.rel.init
 *(.rel.init)

.rela.init      0x80004194        0x0
 *(.rela.init)
 .rela.init     0x00000000        0x0 /opt/devkitpro/devkitPPC/lib/gcc/powerpc-eabi/4.8.2/crtbegin.o

.rel.text
 *(.rel.text .rel.text.* .rel.gnu.linkonce.t.*)

.rela.text      0x80004194        0x0
 *(.rela.text .rela.text.* .rela.gnu.linkonce.t.*)
 .rela.text     0x00000000        0x0 /opt/devkitpro/devkitPPC/lib/gcc/powerpc-eabi/4.8.2/crtbegin.o
 .rela.text.drawFunc
                0x00000000        0x0 /opt/devkitpro/devkitPPC/lib/gcc/powerpc-eabi/4.8.2/crtbegin.o
 .rela.text.FIFO_Init
                0x00000000        0x0 /opt/devkitpro/devkitPPC/lib/gcc/powerpc-eabi/4.8.2/crtbegin.o
 .rela.text.SG_Init
                0x00000000        0x0 /opt/devkitpro/devkitPPC/lib/gcc/powerpc-eabi/4.8.2/crtbegin.o
 .rela.text.DrawLine
                0x00000000        0x0 /opt/devkitpro/devkitPPC/lib/gcc/powerpc-eabi/4.8.2/crtbegin.o
 .rela.text.DrawBezier
                0x00000000        0x0 /opt/devkitpro/devkitPPC/lib/gcc/powerpc-eabi/4.8.2/crtbegin.o
 .rela.text.wiiuse_handshake
                0x00000000        0x0 /opt/devkitpro/devkitPPC/lib/gcc/powerpc-eabi/4.8.2/crtbegin.o
 .rela.text.wiiuse_handshake_expansion
                0x00000000        0x0 /opt/devkitpro/devkitPPC/lib/gcc/powerpc-eabi/4.8.2/crtbegin.o
 .rela.text.wiiuse_init_cmd_queue
                0x00000000        0x0 /opt/devkitpro/devkitPPC/lib/gcc/powerpc-eabi/4.8.2/crtbegin.o
 .rela.text.wiiuse_init
                0x00000000        0x0 /opt/devkitpro/devkitPPC/lib/gcc/powerpc-eabi/4.8.2/crtbegin.o
 .rela.text.bt_alarmhandler
                0x00000000        0x0 /opt/devkitpro/devkitPPC/lib/gcc/powerpc-eabi/4.8.2/crtbegin.o
 .rela.text.__console_init
                0x00000000        0x0 /opt/devkitpro/devkitPPC/lib/gcc/powerpc-eabi/4.8.2/crtbegin.o
 .rela.text.__console_init_ex
                0x00000000        0x0 /opt/devkitpro/devkitPPC/lib/gcc/powerpc-eabi/4.8.2/crtbegin.o
 .rela.text.CON_EnableGecko
                0x00000000        0x0 /opt/devkitpro/devkitPPC/lib/gcc/powerpc-eabi/4.8.2/crtbegin.o
 .rela.text.__lwp_thread_calcheir
                0x00000000        0x0 /opt/devkitpro/devkitPPC/lib/gcc/powerpc-eabi/4.8.2/crtbegin.o
 .rela.text.__lwp_wd_insert_ticks.constprop.4
                0x00000000        0x0 /opt/devkitpro/devkitPPC/lib/gcc/powerpc-eabi/4.8.2/crtbegin.o
 .rela.text.__lwp_rotate_readyqueue
                0x00000000        0x0 /opt/devkitpro/devkitPPC/lib/gcc/powerpc-eabi/4.8.2/crtbegin.o
 .rela.text.__lwp_thread_setpriority
                0x00000000        0x0 /opt/devkitpro/devkitPPC/lib/gcc/powerpc-eabi/4.8.2/crtbegin.o
 .rela.text.__lwp_thread_close
                0x00000000        0x0 /opt/devkitpro/devkitPPC/lib/gcc/powerpc-eabi/4.8.2/crtbegin.o
 .rela.text.__lwp_thread_closeall
                0x00000000        0x0 /opt/devkitpro/devkitPPC/lib/gcc/powerpc-eabi/4.8.2/crtbegin.o
 .rela.text.__lwp_thread_startmultitasking
                0x00000000        0x0 /opt/devkitpro/devkitPPC/lib/gcc/powerpc-eabi/4.8.2/crtbegin.o
 .rela.text.__lwp_thread_stopmultitasking
                0x00000000        0x0 /opt/devkitpro/devkitPPC/lib/gcc/powerpc-eabi/4.8.2/crtbegin.o
 .rela.text.__lwp_thread_coreinit
                0x00000000        0x0 /opt/devkitpro/devkitPPC/lib/gcc/powerpc-eabi/4.8.2/crtbegin.o
 .rela.text.__lwp_cntrl_open
                0x00000000        0x0 /opt/devkitpro/devkitPPC/lib/gcc/powerpc-eabi/4.8.2/crtbegin.o
 .rela.text.__lwp_tqueue_open
                0x00000000        0x0 /opt/devkitpro/devkitPPC/lib/gcc/powerpc-eabi/4.8.2/crtbegin.o
 .rela.text.__lwp_cntrl_free
                0x00000000        0x0 /opt/devkitpro/devkitPPC/lib/gcc/powerpc-eabi/4.8.2/crtbegin.o
 .rela.text.__lwp_sysinit
                0x00000000        0x0 /opt/devkitpro/devkitPPC/lib/gcc/powerpc-eabi/4.8.2/crtbegin.o
 .rela.text.__lwp_thread_isalive
                0x00000000        0x0 /opt/devkitpro/devkitPPC/lib/gcc/powerpc-eabi/4.8.2/crtbegin.o
 .rela.text.__lwp_thread_exists
                0x00000000        0x0 /opt/devkitpro/devkitPPC/lib/gcc/powerpc-eabi/4.8.2/crtbegin.o
 .rela.text.__lwp_thread_context
                0x00000000        0x0 /opt/devkitpro/devkitPPC/lib/gcc/powerpc-eabi/4.8.2/crtbegin.o
 .rela.text.LWP_CreateThread
                0x00000000        0x0 /opt/devkitpro/devkitPPC/lib/gcc/powerpc-eabi/4.8.2/crtbegin.o
 .rela.text.LWP_InitQueue
                0x00000000        0x0 /opt/devkitpro/devkitPPC/lib/gcc/powerpc-eabi/4.8.2/crtbegin.o
 .rela.text.LWP_CloseQueue
                0x00000000        0x0 /opt/devkitpro/devkitPPC/lib/gcc/powerpc-eabi/4.8.2/crtbegin.o
 .rela.text.__lwp_stack_allocate
                0x00000000        0x0 /opt/devkitpro/devkitPPC/lib/gcc/powerpc-eabi/4.8.2/crtbegin.o
 .rela.text.__lwp_stack_free
                0x00000000        0x0 /opt/devkitpro/devkitPPC/lib/gcc/powerpc-eabi/4.8.2/crtbegin.o
 .rela.text.__lwp_watchdog_init
                0x00000000        0x0 /opt/devkitpro/devkitPPC/lib/gcc/powerpc-eabi/4.8.2/crtbegin.o
 .rela.text.__lwp_wd_tickle
                0x00000000        0x0 /opt/devkitpro/devkitPPC/lib/gcc/powerpc-eabi/4.8.2/crtbegin.o
 .rela.text.__lwp_wkspace_heapfree
                0x00000000        0x0 /opt/devkitpro/devkitPPC/lib/gcc/powerpc-eabi/4.8.2/crtbegin.o
 .rela.text.__lwp_wkspace_heapused
                0x00000000        0x0 /opt/devkitpro/devkitPPC/lib/gcc/powerpc-eabi/4.8.2/crtbegin.o
 .rela.text.__lwp_wkspace_init
                0x00000000        0x0 /opt/devkitpro/devkitPPC/lib/gcc/powerpc-eabi/4.8.2/crtbegin.o
 .rela.text.__lwp_objmgr_initinfo
                0x00000000        0x0 /opt/devkitpro/devkitPPC/lib/gcc/powerpc-eabi/4.8.2/crtbegin.o
 .rela.text.__irq_init
                0x00000000        0x0 /opt/devkitpro/devkitPPC/lib/gcc/powerpc-eabi/4.8.2/crtbegin.o
 .rela.text.__lwp_mutex_locksupp.constprop.7
                0x00000000        0x0 /opt/devkitpro/devkitPPC/lib/gcc/powerpc-eabi/4.8.2/crtbegin.o
 .rela.text.__lwp_mutex_init
                0x00000000        0x0 /opt/devkitpro/devkitPPC/lib/gcc/powerpc-eabi/4.8.2/crtbegin.o
 .rela.text.LWP_MutexInit
                0x00000000        0x0 /opt/devkitpro/devkitPPC/lib/gcc/powerpc-eabi/4.8.2/crtbegin.o
 .rela.text.LWP_MutexDestroy
                0x00000000        0x0 /opt/devkitpro/devkitPPC/lib/gcc/powerpc-eabi/4.8.2/crtbegin.o
 .rela.text.LWP_MutexUnlock
                0x00000000        0x0 /opt/devkitpro/devkitPPC/lib/gcc/powerpc-eabi/4.8.2/crtbegin.o
 .rela.text.__call_resetfuncs
                0x00000000        0x0 /opt/devkitpro/devkitPPC/lib/gcc/powerpc-eabi/4.8.2/crtbegin.o
 .rela.text.__locksram
                0x00000000        0x0 /opt/devkitpro/devkitPPC/lib/gcc/powerpc-eabi/4.8.2/crtbegin.o
 .rela.text.__lwp_wd_insert_ticks
                0x00000000        0x0 /opt/devkitpro/devkitPPC/lib/gcc/powerpc-eabi/4.8.2/crtbegin.o
 .rela.text.__sram_writecallback
                0x00000000        0x0 /opt/devkitpro/devkitPPC/lib/gcc/powerpc-eabi/4.8.2/crtbegin.o
 .rela.text.__unlocksram
                0x00000000        0x0 /opt/devkitpro/devkitPPC/lib/gcc/powerpc-eabi/4.8.2/crtbegin.o
 .rela.text.__sram_init
                0x00000000        0x0 /opt/devkitpro/devkitPPC/lib/gcc/powerpc-eabi/4.8.2/crtbegin.o
 .rela.text.__SYS_SyncSram
                0x00000000        0x0 /opt/devkitpro/devkitPPC/lib/gcc/powerpc-eabi/4.8.2/crtbegin.o
 .rela.text.SYS_Init
                0x00000000        0x0 /opt/devkitpro/devkitPPC/lib/gcc/powerpc-eabi/4.8.2/crtbegin.o
 .rela.text.SYS_RemoveAlarm
                0x00000000        0x0 /opt/devkitpro/devkitPPC/lib/gcc/powerpc-eabi/4.8.2/crtbegin.o
 .rela.text.SYS_CancelAlarm
                0x00000000        0x0 /opt/devkitpro/devkitPPC/lib/gcc/powerpc-eabi/4.8.2/crtbegin.o
 .rela.text.__lwp_cond_open
                0x00000000        0x0 /opt/devkitpro/devkitPPC/lib/gcc/powerpc-eabi/4.8.2/crtbegin.o
 .rela.text.__lwp_cond_init
                0x00000000        0x0 /opt/devkitpro/devkitPPC/lib/gcc/powerpc-eabi/4.8.2/crtbegin.o
 .rela.text.LWP_CondInit
                0x00000000        0x0 /opt/devkitpro/devkitPPC/lib/gcc/powerpc-eabi/4.8.2/crtbegin.o
 .rela.text.LWP_CondDestroy
                0x00000000        0x0 /opt/devkitpro/devkitPPC/lib/gcc/powerpc-eabi/4.8.2/crtbegin.o
 .rela.text.__GX_FifoLink
                0x00000000        0x0 /opt/devkitpro/devkitPPC/lib/gcc/powerpc-eabi/4.8.2/crtbegin.o
 .rela.text.__GX_WriteFifoIntEnable
                0x00000000        0x0 /opt/devkitpro/devkitPPC/lib/gcc/powerpc-eabi/4.8.2/crtbegin.o
 .rela.text.__GX_FifoReadEnable
                0x00000000        0x0 /opt/devkitpro/devkitPPC/lib/gcc/powerpc-eabi/4.8.2/crtbegin.o
 .rela.text.__GX_FifoReadDisable
                0x00000000        0x0 /opt/devkitpro/devkitPPC/lib/gcc/powerpc-eabi/4.8.2/crtbegin.o
 .rela.text.__GX_InitRevBits
                0x00000000        0x0 /opt/devkitpro/devkitPPC/lib/gcc/powerpc-eabi/4.8.2/crtbegin.o
 .rela.text.__GXDefTexRegionCallback
                0x00000000        0x0 /opt/devkitpro/devkitPPC/lib/gcc/powerpc-eabi/4.8.2/crtbegin.o
 .rela.text.__GXDefTlutRegionCallback
                0x00000000        0x0 /opt/devkitpro/devkitPPC/lib/gcc/powerpc-eabi/4.8.2/crtbegin.o
 .rela.text.__GX_FlushTextureState
                0x00000000        0x0 /opt/devkitpro/devkitPPC/lib/gcc/powerpc-eabi/4.8.2/crtbegin.o
 .rela.text.__SetSURegs
                0x00000000        0x0 /opt/devkitpro/devkitPPC/lib/gcc/powerpc-eabi/4.8.2/crtbegin.o
 .rela.text.__SETVCDFMT
                0x00000000        0x0 /opt/devkitpro/devkitPPC/lib/gcc/powerpc-eabi/4.8.2/crtbegin.o
 .rela.text.__GX_SetMatrixIndex.part.1
                0x00000000        0x0 /opt/devkitpro/devkitPPC/lib/gcc/powerpc-eabi/4.8.2/crtbegin.o
 .rela.text.__SETVCDATTR
                0x00000000        0x0 /opt/devkitpro/devkitPPC/lib/gcc/powerpc-eabi/4.8.2/crtbegin.o
 .rela.text.__GX_WriteFifoIntReset.constprop.11
                0x00000000        0x0 /opt/devkitpro/devkitPPC/lib/gcc/powerpc-eabi/4.8.2/crtbegin.o
 .rela.text.__GXCPInterruptHandler
                0x00000000        0x0 /opt/devkitpro/devkitPPC/lib/gcc/powerpc-eabi/4.8.2/crtbegin.o
 .rela.text.__GX_SetDirtyState
                0x00000000        0x0 /opt/devkitpro/devkitPPC/lib/gcc/powerpc-eabi/4.8.2/crtbegin.o
 .rela.text.GX_Flush
                0x00000000        0x0 /opt/devkitpro/devkitPPC/lib/gcc/powerpc-eabi/4.8.2/crtbegin.o
 .rela.text.GX_EnableBreakPt
                0x00000000        0x0 /opt/devkitpro/devkitPPC/lib/gcc/powerpc-eabi/4.8.2/crtbegin.o
 .rela.text.GX_DisableBreakPt
                0x00000000        0x0 /opt/devkitpro/devkitPPC/lib/gcc/powerpc-eabi/4.8.2/crtbegin.o
 .rela.text.GX_AbortFrame
                0x00000000        0x0 /opt/devkitpro/devkitPPC/lib/gcc/powerpc-eabi/4.8.2/crtbegin.o
 .rela.text.GX_PixModeSync
                0x00000000        0x0 /opt/devkitpro/devkitPPC/lib/gcc/powerpc-eabi/4.8.2/crtbegin.o
 .rela.text.GX_SetMisc
                0x00000000        0x0 /opt/devkitpro/devkitPPC/lib/gcc/powerpc-eabi/4.8.2/crtbegin.o
 .rela.text.GX_SetCopyClamp
                0x00000000        0x0 /opt/devkitpro/devkitPPC/lib/gcc/powerpc-eabi/4.8.2/crtbegin.o
 .rela.text.GX_SetDispCopyGamma
                0x00000000        0x0 /opt/devkitpro/devkitPPC/lib/gcc/powerpc-eabi/4.8.2/crtbegin.o
 .rela.text.GX_SetDispCopyFrame2Field
                0x00000000        0x0 /opt/devkitpro/devkitPPC/lib/gcc/powerpc-eabi/4.8.2/crtbegin.o
 .rela.text.GX_SetDispCopyYScale
                0x00000000        0x0 /opt/devkitpro/devkitPPC/lib/gcc/powerpc-eabi/4.8.2/crtbegin.o
 .rela.text.GX_SetDispCopyDst
                0x00000000        0x0 /opt/devkitpro/devkitPPC/lib/gcc/powerpc-eabi/4.8.2/crtbegin.o
 .rela.text.GX_SetDispCopySrc
                0x00000000        0x0 /opt/devkitpro/devkitPPC/lib/gcc/powerpc-eabi/4.8.2/crtbegin.o
 .rela.text.GX_CopyDisp
                0x00000000        0x0 /opt/devkitpro/devkitPPC/lib/gcc/powerpc-eabi/4.8.2/crtbegin.o
 .rela.text.GX_CopyTex
                0x00000000        0x0 /opt/devkitpro/devkitPPC/lib/gcc/powerpc-eabi/4.8.2/crtbegin.o
 .rela.text.GX_SetTexCopySrc
                0x00000000        0x0 /opt/devkitpro/devkitPPC/lib/gcc/powerpc-eabi/4.8.2/crtbegin.o
 .rela.text.GX_SetTexCopyDst
                0x00000000        0x0 /opt/devkitpro/devkitPPC/lib/gcc/powerpc-eabi/4.8.2/crtbegin.o
 .rela.text.GX_BeginDispList
                0x00000000        0x0 /opt/devkitpro/devkitPPC/lib/gcc/powerpc-eabi/4.8.2/crtbegin.o
 .rela.text.GX_EndDispList
                0x00000000        0x0 /opt/devkitpro/devkitPPC/lib/gcc/powerpc-eabi/4.8.2/crtbegin.o
 .rela.text.GX_CallDispList
                0x00000000        0x0 /opt/devkitpro/devkitPPC/lib/gcc/powerpc-eabi/4.8.2/crtbegin.o
 .rela.text.GX_SetChanCtrl
                0x00000000        0x0 /opt/devkitpro/devkitPPC/lib/gcc/powerpc-eabi/4.8.2/crtbegin.o
 .rela.text.GX_SetChanAmbColor
                0x00000000        0x0 /opt/devkitpro/devkitPPC/lib/gcc/powerpc-eabi/4.8.2/crtbegin.o
 .rela.text.GX_SetChanMatColor
                0x00000000        0x0 /opt/devkitpro/devkitPPC/lib/gcc/powerpc-eabi/4.8.2/crtbegin.o
 .rela.text.GX_SetVtxDesc
                0x00000000        0x0 /opt/devkitpro/devkitPPC/lib/gcc/powerpc-eabi/4.8.2/crtbegin.o
 .rela.text.GX_SetVtxDescv
                0x00000000        0x0 /opt/devkitpro/devkitPPC/lib/gcc/powerpc-eabi/4.8.2/crtbegin.o
 .rela.text.GX_GetVtxDescv
                0x00000000        0x0 /opt/devkitpro/devkitPPC/lib/gcc/powerpc-eabi/4.8.2/crtbegin.o
 .rela.text.GX_SetVtxAttrFmt
                0x00000000        0x0 /opt/devkitpro/devkitPPC/lib/gcc/powerpc-eabi/4.8.2/crtbegin.o
 .rela.text.GX_SetVtxAttrFmtv
                0x00000000        0x0 /opt/devkitpro/devkitPPC/lib/gcc/powerpc-eabi/4.8.2/crtbegin.o
 .rela.text.GX_Begin
                0x00000000        0x0 /opt/devkitpro/devkitPPC/lib/gcc/powerpc-eabi/4.8.2/crtbegin.o
 .rela.text.GX_SetTexCoordGen2
                0x00000000        0x0 /opt/devkitpro/devkitPPC/lib/gcc/powerpc-eabi/4.8.2/crtbegin.o
 .rela.text.GX_SetCurrentMtx
                0x00000000        0x0 /opt/devkitpro/devkitPPC/lib/gcc/powerpc-eabi/4.8.2/crtbegin.o
 .rela.text.GX_SetNumTexGens
                0x00000000        0x0 /opt/devkitpro/devkitPPC/lib/gcc/powerpc-eabi/4.8.2/crtbegin.o
 .rela.text.GX_SetZMode
                0x00000000        0x0 /opt/devkitpro/devkitPPC/lib/gcc/powerpc-eabi/4.8.2/crtbegin.o
 .rela.text.GX_LoadTexObjPreloaded
                0x00000000        0x0 /opt/devkitpro/devkitPPC/lib/gcc/powerpc-eabi/4.8.2/crtbegin.o
 .rela.text.GX_SetTexCoordScaleManually
                0x00000000        0x0 /opt/devkitpro/devkitPPC/lib/gcc/powerpc-eabi/4.8.2/crtbegin.o
 .rela.text.GX_SetTexCoordCylWrap
                0x00000000        0x0 /opt/devkitpro/devkitPPC/lib/gcc/powerpc-eabi/4.8.2/crtbegin.o
 .rela.text.GX_SetTexCoordBias
                0x00000000        0x0 /opt/devkitpro/devkitPPC/lib/gcc/powerpc-eabi/4.8.2/crtbegin.o
 .rela.text.GX_SetBlendMode
                0x00000000        0x0 /opt/devkitpro/devkitPPC/lib/gcc/powerpc-eabi/4.8.2/crtbegin.o
 .rela.text.GX_ClearVtxDesc
                0x00000000        0x0 /opt/devkitpro/devkitPPC/lib/gcc/powerpc-eabi/4.8.2/crtbegin.o
 .rela.text.GX_SetLineWidth
                0x00000000        0x0 /opt/devkitpro/devkitPPC/lib/gcc/powerpc-eabi/4.8.2/crtbegin.o
 .rela.text.GX_SetPointSize
                0x00000000        0x0 /opt/devkitpro/devkitPPC/lib/gcc/powerpc-eabi/4.8.2/crtbegin.o
 .rela.text.GX_SetTevColorIn
                0x00000000        0x0 /opt/devkitpro/devkitPPC/lib/gcc/powerpc-eabi/4.8.2/crtbegin.o
 .rela.text.GX_SetTevAlphaIn
                0x00000000        0x0 /opt/devkitpro/devkitPPC/lib/gcc/powerpc-eabi/4.8.2/crtbegin.o
 .rela.text.GX_SetTevColorOp
                0x00000000        0x0 /opt/devkitpro/devkitPPC/lib/gcc/powerpc-eabi/4.8.2/crtbegin.o
 .rela.text.GX_SetTevAlphaOp
                0x00000000        0x0 /opt/devkitpro/devkitPPC/lib/gcc/powerpc-eabi/4.8.2/crtbegin.o
 .rela.text.GX_SetCullMode
                0x00000000        0x0 /opt/devkitpro/devkitPPC/lib/gcc/powerpc-eabi/4.8.2/crtbegin.o
 .rela.text.GX_SetCoPlanar
                0x00000000        0x0 /opt/devkitpro/devkitPPC/lib/gcc/powerpc-eabi/4.8.2/crtbegin.o
 .rela.text.GX_EnableTexOffsets
                0x00000000        0x0 /opt/devkitpro/devkitPPC/lib/gcc/powerpc-eabi/4.8.2/crtbegin.o
 .rela.text.GX_SetScissor
                0x00000000        0x0 /opt/devkitpro/devkitPPC/lib/gcc/powerpc-eabi/4.8.2/crtbegin.o
 .rela.text.GX_SetNumChans
                0x00000000        0x0 /opt/devkitpro/devkitPPC/lib/gcc/powerpc-eabi/4.8.2/crtbegin.o
 .rela.text.GX_SetTevOrder
                0x00000000        0x0 /opt/devkitpro/devkitPPC/lib/gcc/powerpc-eabi/4.8.2/crtbegin.o
 .rela.text.GX_SetNumTevStages
                0x00000000        0x0 /opt/devkitpro/devkitPPC/lib/gcc/powerpc-eabi/4.8.2/crtbegin.o
 .rela.text.GX_SetTevKColorSel
                0x00000000        0x0 /opt/devkitpro/devkitPPC/lib/gcc/powerpc-eabi/4.8.2/crtbegin.o
 .rela.text.GX_SetTevKAlphaSel
                0x00000000        0x0 /opt/devkitpro/devkitPPC/lib/gcc/powerpc-eabi/4.8.2/crtbegin.o
 .rela.text.GX_SetTevSwapMode
                0x00000000        0x0 /opt/devkitpro/devkitPPC/lib/gcc/powerpc-eabi/4.8.2/crtbegin.o
 .rela.text.GX_SetTevSwapModeTable
                0x00000000        0x0 /opt/devkitpro/devkitPPC/lib/gcc/powerpc-eabi/4.8.2/crtbegin.o
 .rela.text.GX_SetNumIndStages
                0x00000000        0x0 /opt/devkitpro/devkitPPC/lib/gcc/powerpc-eabi/4.8.2/crtbegin.o
 .rela.text.GX_SetIndTexCoordScale
                0x00000000        0x0 /opt/devkitpro/devkitPPC/lib/gcc/powerpc-eabi/4.8.2/crtbegin.o
 .rela.text.GX_SetColorUpdate
                0x00000000        0x0 /opt/devkitpro/devkitPPC/lib/gcc/powerpc-eabi/4.8.2/crtbegin.o
 .rela.text.GX_SetAlphaUpdate
                0x00000000        0x0 /opt/devkitpro/devkitPPC/lib/gcc/powerpc-eabi/4.8.2/crtbegin.o
 .rela.text.GX_SetZCompLoc
                0x00000000        0x0 /opt/devkitpro/devkitPPC/lib/gcc/powerpc-eabi/4.8.2/crtbegin.o
 .rela.text.GX_SetPixelFmt
                0x00000000        0x0 /opt/devkitpro/devkitPPC/lib/gcc/powerpc-eabi/4.8.2/crtbegin.o
 .rela.text.GX_SetDither
                0x00000000        0x0 /opt/devkitpro/devkitPPC/lib/gcc/powerpc-eabi/4.8.2/crtbegin.o
 .rela.text.GX_SetDstAlpha
                0x00000000        0x0 /opt/devkitpro/devkitPPC/lib/gcc/powerpc-eabi/4.8.2/crtbegin.o
 .rela.text.GX_SetFieldMode
                0x00000000        0x0 /opt/devkitpro/devkitPPC/lib/gcc/powerpc-eabi/4.8.2/crtbegin.o
 .rela.text.GX_SetIndTexOrder
                0x00000000        0x0 /opt/devkitpro/devkitPPC/lib/gcc/powerpc-eabi/4.8.2/crtbegin.o
 .rela.text.GX_SetGPMetric
                0x00000000        0x0 /opt/devkitpro/devkitPPC/lib/gcc/powerpc-eabi/4.8.2/crtbegin.o
 .rela.text.GX_Init
                0x00000000        0x0 /opt/devkitpro/devkitPPC/lib/gcc/powerpc-eabi/4.8.2/crtbegin.o
 .rela.text.GX_ReadGPMetric
                0x00000000        0x0 /opt/devkitpro/devkitPPC/lib/gcc/powerpc-eabi/4.8.2/crtbegin.o
 .rela.text.c_decrementer_handler
                0x00000000        0x0 /opt/devkitpro/devkitPPC/lib/gcc/powerpc-eabi/4.8.2/crtbegin.o
 .rela.text.__lwp_mqbox_open
                0x00000000        0x0 /opt/devkitpro/devkitPPC/lib/gcc/powerpc-eabi/4.8.2/crtbegin.o
 .rela.text.__lwp_mqbox_init
                0x00000000        0x0 /opt/devkitpro/devkitPPC/lib/gcc/powerpc-eabi/4.8.2/crtbegin.o
 .rela.text.MQ_Init
                0x00000000        0x0 /opt/devkitpro/devkitPPC/lib/gcc/powerpc-eabi/4.8.2/crtbegin.o
 .rela.text.MQ_Close
                0x00000000        0x0 /opt/devkitpro/devkitPPC/lib/gcc/powerpc-eabi/4.8.2/crtbegin.o
 .rela.text.__lwp_wkspace_free
                0x00000000        0x0 /opt/devkitpro/devkitPPC/lib/gcc/powerpc-eabi/4.8.2/crtbegin.o
 .rela.text.__ios_ioctlvformat_parse
                0x00000000        0x0 /opt/devkitpro/devkitPPC/lib/gcc/powerpc-eabi/4.8.2/crtbegin.o
 .rela.text.IOS_IoctlvFormat
                0x00000000        0x0 /opt/devkitpro/devkitPPC/lib/gcc/powerpc-eabi/4.8.2/crtbegin.o
 .rela.text.IOS_IoctlvFormatAsync
                0x00000000        0x0 /opt/devkitpro/devkitPPC/lib/gcc/powerpc-eabi/4.8.2/crtbegin.o
 .rela.text.nanosleep
                0x00000000        0x0 /opt/devkitpro/devkitPPC/lib/gcc/powerpc-eabi/4.8.2/crtbegin.o
 .rela.text.__libc_delete_hook
                0x00000000        0x0 /opt/devkitpro/devkitPPC/lib/gcc/powerpc-eabi/4.8.2/crtbegin.o
 .rela.text.__libc_init
                0x00000000        0x0 /opt/devkitpro/devkitPPC/lib/gcc/powerpc-eabi/4.8.2/crtbegin.o
 .rela.text.__libc_wrapup
                0x00000000        0x0 /opt/devkitpro/devkitPPC/lib/gcc/powerpc-eabi/4.8.2/crtbegin.o
 .rela.text.__CheckARGV
                0x00000000        0x0 /opt/devkitpro/devkitPPC/lib/gcc/powerpc-eabi/4.8.2/crtbegin.o
 .rela.text.__lwp_priority_init
                0x00000000        0x0 /opt/devkitpro/devkitPPC/lib/gcc/powerpc-eabi/4.8.2/crtbegin.o
 .rela.text.__lwp_threadqueue_enqueuefifo
                0x00000000        0x0 /opt/devkitpro/devkitPPC/lib/gcc/powerpc-eabi/4.8.2/crtbegin.o
 .rela.text.__lwp_threadqueue_dequeuefifo
                0x00000000        0x0 /opt/devkitpro/devkitPPC/lib/gcc/powerpc-eabi/4.8.2/crtbegin.o
 .rela.text.__lwp_threadqueue_enqueuepriority
                0x00000000        0x0 /opt/devkitpro/devkitPPC/lib/gcc/powerpc-eabi/4.8.2/crtbegin.o
 .rela.text.__lwp_threadqueue_dequeuepriority
                0x00000000        0x0 /opt/devkitpro/devkitPPC/lib/gcc/powerpc-eabi/4.8.2/crtbegin.o
 .rela.text.__lwp_threadqueue_enqueue
                0x00000000        0x0 /opt/devkitpro/devkitPPC/lib/gcc/powerpc-eabi/4.8.2/crtbegin.o
 .rela.text.__lwp_threadqueue_extractfifo
                0x00000000        0x0 /opt/devkitpro/devkitPPC/lib/gcc/powerpc-eabi/4.8.2/crtbegin.o
 .rela.text.__lwp_threadqueue_extractpriority
                0x00000000        0x0 /opt/devkitpro/devkitPPC/lib/gcc/powerpc-eabi/4.8.2/crtbegin.o
 .rela.text.__lwpmq_initialize
                0x00000000        0x0 /opt/devkitpro/devkitPPC/lib/gcc/powerpc-eabi/4.8.2/crtbegin.o
 .rela.text.__lwpmq_close
                0x00000000        0x0 /opt/devkitpro/devkitPPC/lib/gcc/powerpc-eabi/4.8.2/crtbegin.o
 .rela.text.__systemcall_init
                0x00000000        0x0 /opt/devkitpro/devkitPPC/lib/gcc/powerpc-eabi/4.8.2/crtbegin.o
 .rela.text.__exception_init
                0x00000000        0x0 /opt/devkitpro/devkitPPC/lib/gcc/powerpc-eabi/4.8.2/crtbegin.o
 .rela.text.__exception_close
                0x00000000        0x0 /opt/devkitpro/devkitPPC/lib/gcc/powerpc-eabi/4.8.2/crtbegin.o
 .rela.text.__exception_sethandler
                0x00000000        0x0 /opt/devkitpro/devkitPPC/lib/gcc/powerpc-eabi/4.8.2/crtbegin.o
 .rela.text.__lwp_sema_open
                0x00000000        0x0 /opt/devkitpro/devkitPPC/lib/gcc/powerpc-eabi/4.8.2/crtbegin.o
 .rela.text.__lwp_sema_init
                0x00000000        0x0 /opt/devkitpro/devkitPPC/lib/gcc/powerpc-eabi/4.8.2/crtbegin.o
 .rela.text.LWP_SemInit
                0x00000000        0x0 /opt/devkitpro/devkitPPC/lib/gcc/powerpc-eabi/4.8.2/crtbegin.o
 .rela.text.LWP_SemDestroy
                0x00000000        0x0 /opt/devkitpro/devkitPPC/lib/gcc/powerpc-eabi/4.8.2/crtbegin.o
 .rela.text.kprintf
                0x00000000        0x0 /opt/devkitpro/devkitPPC/lib/gcc/powerpc-eabi/4.8.2/crtbegin.o
 .rela.text.atangent
                0x00000000        0x0 /opt/devkitpro/devkitPPC/lib/gcc/powerpc-eabi/4.8.2/crtbegin.o
 .rela.text.calloc
                0x00000000        0x0 /opt/devkitpro/devkitPPC/lib/gcc/powerpc-eabi/4.8.2/crtbegin.o
 .rela.text.__errno
                0x00000000        0x0 /opt/devkitpro/devkitPPC/lib/gcc/powerpc-eabi/4.8.2/crtbegin.o
 .rela.text.exit
                0x00000000        0x0 /opt/devkitpro/devkitPPC/lib/gcc/powerpc-eabi/4.8.2/crtbegin.o
 .rela.text.fprintf
                0x00000000        0x0 /opt/devkitpro/devkitPPC/lib/gcc/powerpc-eabi/4.8.2/crtbegin.o
 .rela.text.fputs
                0x00000000        0x0 /opt/devkitpro/devkitPPC/lib/gcc/powerpc-eabi/4.8.2/crtbegin.o
 .rela.text._malloc_trim_r
                0x00000000        0x0 /opt/devkitpro/devkitPPC/lib/gcc/powerpc-eabi/4.8.2/crtbegin.o
 .rela.text._free_r
                0x00000000        0x0 /opt/devkitpro/devkitPPC/lib/gcc/powerpc-eabi/4.8.2/crtbegin.o
 .rela.text.setvbuf
                0x00000000        0x0 /opt/devkitpro/devkitPPC/lib/gcc/powerpc-eabi/4.8.2/crtbegin.o
 .rela.text._svfprintf_r
                0x00000000        0x0 /opt/devkitpro/devkitPPC/lib/gcc/powerpc-eabi/4.8.2/crtbegin.o
 .rela.text._vfprintf_r
                0x00000000        0x0 /opt/devkitpro/devkitPPC/lib/gcc/powerpc-eabi/4.8.2/crtbegin.o
 .rela.text._wcrtomb_r
                0x00000000        0x0 /opt/devkitpro/devkitPPC/lib/gcc/powerpc-eabi/4.8.2/crtbegin.o
 .rela.text.wcrtomb
                0x00000000        0x0 /opt/devkitpro/devkitPPC/lib/gcc/powerpc-eabi/4.8.2/crtbegin.o
 .rela.text.__call_exitprocs
                0x00000000        0x0 /opt/devkitpro/devkitPPC/lib/gcc/powerpc-eabi/4.8.2/crtbegin.o
 .rela.text._dtoa_r
                0x00000000        0x0 /opt/devkitpro/devkitPPC/lib/gcc/powerpc-eabi/4.8.2/crtbegin.o
 .rela.text._cleanup_r
                0x00000000        0x0 /opt/devkitpro/devkitPPC/lib/gcc/powerpc-eabi/4.8.2/crtbegin.o
 .rela.text.std.isra.0
                0x00000000        0x0 /opt/devkitpro/devkitPPC/lib/gcc/powerpc-eabi/4.8.2/crtbegin.o
 .rela.text._cleanup
                0x00000000        0x0 /opt/devkitpro/devkitPPC/lib/gcc/powerpc-eabi/4.8.2/crtbegin.o
 .rela.text.loadlocale
                0x00000000        0x0 /opt/devkitpro/devkitPPC/lib/gcc/powerpc-eabi/4.8.2/crtbegin.o
 .rela.text.__smakebuf_r
                0x00000000        0x0 /opt/devkitpro/devkitPPC/lib/gcc/powerpc-eabi/4.8.2/crtbegin.o
 .rela.text._findenv_r
                0x00000000        0x0 /opt/devkitpro/devkitPPC/lib/gcc/powerpc-eabi/4.8.2/crtbegin.o

.rel.fini
 *(.rel.fini)

.rela.fini
 *(.rela.fini)

.rel.rodata
 *(.rel.rodata .rel.rodata.* .rel.gnu.linkonce.r.*)

.rela.rodata
 *(.rela.rodata .rela.rodata.* .rela.gnu.linkonce.r.*)

.rel.data
 *(.rel.data .rel.data.* .rel.gnu.linkonce.d.*)

.rela.data
 *(.rela.data .rela.data.* .rela.gnu.linkonce.d.*)

.rel.tdata
 *(.rel.tdata .rel.tdata.* .rel.gnu.linkonce.td.*)

.rela.tdata
 *(.rela.tdata .rela.tdata.* .rela.gnu.linkonce.td.*)

.rel.tbss
 *(.rel.tbss .rel.tbss.* .rel.gnu.linkonce.tb.*)

.rela.tbss
 *(.rela.tbss .rela.tbss.* .rela.gnu.linkonce.tb.*)

.rel.ctors
 *(.rel.ctors)

.rela.ctors
 *(.rela.ctors)

.rel.dtors
 *(.rel.dtors)

.rela.dtors
 *(.rela.dtors)

.rel.got
 *(.rel.got)

.rela.got
 *(.rela.got)

.rela.got1
 *(.rela.got1)

.rela.got2      0x80004194        0x0
 *(.rela.got2)
 .rela.got2     0x00000000        0x0 /opt/devkitpro/devkitPPC/lib/gcc/powerpc-eabi/4.8.2/crtbegin.o

.rel.sdata
 *(.rel.sdata .rel.sdata.* .rel.gnu.linkonce.s.*)

.rela.sdata
 *(.rela.sdata .rela.sdata.* .rela.gnu.linkonce.s.*)

.rel.sbss
 *(.rel.sbss .rel.sbss.* .rel.gnu.linkonce.sb.*)

.rela.sbss
 *(.rela.sbss .rela.sbss.* .rel.gnu.linkonce.sb.*)

.rel.sdata2
 *(.rel.sdata2 .rel.sdata2.* .rel.gnu.linkonce.s2.*)

.rela.sdata2    0x80004194        0x0
 *(.rela.sdata2 .rela.sdata2.* .rela.gnu.linkonce.s2.*)
 .rela.sdata2.__sys_inIPL
                0x00000000        0x0 /opt/devkitpro/devkitPPC/lib/gcc/powerpc-eabi/4.8.2/crtbegin.o

.rel.sbss2
 *(.rel.sbss2 .rel.sbss2.* .rel.gnu.linkonce.sb2.*)

.rela.sbss2
 *(.rela.sbss2 .rela.sbss2.* .rela.gnu.linkonce.sb2.*)

.rel.bss
 *(.rel.bss .rel.bss.* .rel.gnu.linkonce.b.*)

.rela.bss
 *(.rela.bss .rela.bss.* .rela.gnu.linkonce.b.*)

.rel.plt
 *(.rel.plt)

.rela.plt
 *(.rela.plt)

.text           0x800041a0    0x32240
 *(.text)
 .text          0x800041a0      0x1e0 /opt/devkitpro/devkitPPC/lib/gcc/powerpc-eabi/4.8.2/crtbegin.o
 .text          0x80004380       0x44 /opt/devkitpro/devkitPPC/lib/gcc/powerpc-eabi/4.8.2/../../../../powerpc-eabi/lib/crtmain.o
                0x80004384                __crtmain
 *fill*         0x800043c4       0x1c 00000000
 .text          0x800043e0      0x44c /opt/devkitpro/libogc/lib/wii/libogc.a(lwp_handler.o)
                0x800043e0                _cpu_context_save_fp
                0x80004520                _cpu_context_restore_fp
                0x80004660                _cpu_context_switch
                0x80004740                _cpu_context_save
                0x800047c0                _cpu_context_restore
 .text          0x8000482c      0x4a0 /opt/devkitpro/libogc/lib/wii/libogc.a(system_asm.o)
                0x8000482c                __realmode
                0x80004844                __configBATS
                0x80004974                __InitFPRS
                0x80004aa0                __InitPS
                0x80004afc                __InitCache
                0x80004b54                __InitSystem
                0x80004bdc                __flush_cache
                0x80004c10                __reset
                0x80004c80                __InitBATS
                0x80004c9c                SYS_SwitchFiber
 .text          0x80004ccc      0x1ac /opt/devkitpro/libogc/lib/wii/libogc.a(irq_handler.o)
                0x80004ccc                irq_exceptionhandler
 .text          0x80004e78      0x118 /opt/devkitpro/libogc/lib/wii/libogc.a(video_asm.o)
                0x80004e78                __VIClearFramebuffer
 .text          0x80004f90      0x4f4 /opt/devkitpro/libogc/lib/wii/libogc.a(cache_asm.o)
                0x80004f90                DCFlashInvalidate
                0x80004fa4                DCEnable
                0x80004fb8                DCDisable
                0x80004fcc                DCFreeze
                0x80004fe0                DCUnfreeze
                0x80004ff4                DCTouchLoad
                0x80004ffc                DCBlockZero
                0x80005004                DCBlockStore
                0x8000500c                DCBlockFlush
                0x80005014                DCBlockInvalidate
                0x8000501c                DCInvalidateRange
                0x8000504c                DCFlushRange
                0x80005080                DCStoreRange
                0x800050b4                DCFlushRangeNoSync
                0x800050e4                DCStoreRangeNoSync
                0x80005114                DCZeroRange
                0x80005144                DCTouchRange
                0x80005174                ICInvalidateRange
                0x800051ac                ICFlashInvalidate
                0x800051c0                ICEnable
                0x800051d4                ICDisable
                0x800051e8                ICFreeze
                0x800051fc                ICUnfreeze
                0x80005210                ICBlockInvalidate
                0x80005218                ICSync
                0x80005220                L2Init
                0x80005268                L2Enable
                0x80005284                L2Disable
                0x8000529c                L2GlobalInvalidate
                0x800052f4                __LCEnable
                0x800053c0                LCDisable
                0x800053e8                LCAllocOneTag
                0x800053fc                LCAllocTags
                0x8000543c                LCLoadBlocks
                0x80005460                LCStoreBlocks
 .text          0x80005484      0x1ac /opt/devkitpro/libogc/lib/wii/libogc.a(decrementer_handler.o)
                0x80005484                dec_exceptionhandler
 .text          0x80005630      0x35c /opt/devkitpro/libogc/lib/wii/libogc.a(exception_handler.o)
                0x80005630                exceptionhandler_start
                0x800056ac                exceptionhandler_patch
                0x800056e0                exceptionhandler_end
                0x800056e4                default_exceptionhandler
                0x80005814                fpu_exceptionhandler
                0x8000595c                systemcallhandler_start
                0x80005988                systemcallhandler_end
 .text          0x8000598c       0x40 /opt/devkitpro/devkitPPC/lib/gcc/powerpc-eabi/4.8.2/libgcc.a(_ashldi3.o)
                0x8000598c                __ashldi3
 .text          0x800059cc      0x414 /opt/devkitpro/devkitPPC/lib/gcc/powerpc-eabi/4.8.2/libgcc.a(_udivdi3.o)
                0x800059cc                __udivdi3
 .text          0x80005de0      0x3b8 /opt/devkitpro/devkitPPC/lib/gcc/powerpc-eabi/4.8.2/libgcc.a(_umoddi3.o)
                0x80005de0                __umoddi3
 .text          0x80006198       0x48 /opt/devkitpro/devkitPPC/lib/gcc/powerpc-eabi/4.8.2/libgcc.a(eabi.o)
                0x80006198                __eabi
 .text          0x800061e0       0x4c /opt/devkitpro/devkitPPC/lib/gcc/powerpc-eabi/4.8.2/libgcc.a(crtsavfpr.o)
                0x800061e0                _savefpr_14
                0x800061e4                _savefpr_15
                0x800061e8                _savefpr_16
                0x800061ec                _savefpr_17
                0x800061f0                _savefpr_18
                0x800061f4                _savefpr_19
                0x800061f8                _savefpr_20
                0x800061fc                _savefpr_21
                0x80006200                _savefpr_22
                0x80006204                _savefpr_23
                0x80006208                _savefpr_24
                0x8000620c                _savefpr_25
                0x80006210                _savefpr_26
                0x80006214                _savefpr_27
                0x80006218                _savefpr_28
                0x8000621c                _savefpr_29
                0x80006220                _savefpr_30
                0x80006224                _savefpr_31
 .text          0x8000622c       0x58 /opt/devkitpro/devkitPPC/lib/gcc/powerpc-eabi/4.8.2/libgcc.a(crtresxfpr.o)
                0x8000622c                _restfpr_14_x
                0x80006230                _restfpr_15_x
                0x80006234                _restfpr_16_x
                0x80006238                _restfpr_17_x
                0x8000623c                _restfpr_18_x
                0x80006240                _restfpr_19_x
                0x80006244                _restfpr_20_x
                0x80006248                _restfpr_21_x
                0x8000624c                _restfpr_22_x
                0x80006250                _restfpr_23_x
                0x80006254                _restfpr_24_x
                0x80006258                _restfpr_25_x
                0x8000625c                _restfpr_26_x
                0x80006260                _restfpr_27_x
                0x80006264                _restfpr_28_x
                0x80006268                _restfpr_29_x
                0x8000626c                _restfpr_30_x
                0x80006270                _restfpr_31_x
 .text          0x80006284       0x58 /opt/devkitpro/devkitPPC/lib/gcc/powerpc-eabi/4.8.2/libgcc.a(crtresxgpr.o)
                0x80006284                _restgpr_14_x
                0x80006288                _restgpr_15_x
                0x8000628c                _restgpr_16_x
                0x80006290                _restgpr_17_x
                0x80006294                _restgpr_18_x
                0x80006298                _restgpr_19_x
                0x8000629c                _restgpr_20_x
                0x800062a0                _restgpr_21_x
                0x800062a4                _restgpr_22_x
                0x800062a8                _restgpr_23_x
                0x800062ac                _restgpr_24_x
                0x800062b0                _restgpr_25_x
                0x800062b4                _restgpr_26_x
                0x800062b8                _restgpr_27_x
                0x800062bc                _restgpr_28_x
                0x800062c0                _restgpr_29_x
                0x800062c4                _restgpr_30_x
                0x800062c8                _restgpr_31_x
 .text          0x800062dc       0x28 /opt/devkitpro/devkitPPC/lib/gcc/powerpc-eabi/4.8.2/../../../../powerpc-eabi/lib/libsysbase.a(abort.o)
                0x800062dc                abort
 .text          0x80006304      0x2f8 /opt/devkitpro/devkitPPC/lib/gcc/powerpc-eabi/4.8.2/../../../../powerpc-eabi/lib/libsysbase.a(iosupport.o)
                0x80006304                setDefaultDevice
                0x8000631c                FindDevice
                0x80006440                RemoveDevice
                0x80006490                AddDevice
                0x800065ac                GetDeviceOpTab
 .text          0x800065fc       0x28 /opt/devkitpro/devkitPPC/lib/gcc/powerpc-eabi/4.8.2/../../../../powerpc-eabi/lib/libsysbase.a(_exit.o)
                0x800065fc                _exit
 .text          0x80006624       0x88 /opt/devkitpro/devkitPPC/lib/gcc/powerpc-eabi/4.8.2/../../../../powerpc-eabi/lib/libsysbase.a(build_argv.o)
                0x80006624                build_argv
 .text          0x800066ac       0xb0 /opt/devkitpro/devkitPPC/lib/gcc/powerpc-eabi/4.8.2/../../../../powerpc-eabi/lib/libsysbase.a(syscall_support.o)
                0x800066ac                __libc_lock_init
                0x800066cc                __libc_lock_close
                0x800066ec                __libc_lock_release
                0x8000670c                __libc_lock_acquire
                0x8000672c                __malloc_lock
                0x80006744                __malloc_unlock
 .text          0x8000675c       0xa0 /opt/devkitpro/devkitPPC/lib/gcc/powerpc-eabi/4.8.2/../../../../powerpc-eabi/lib/libsysbase.a(close.o)
                0x8000675c                _close_r
 .text          0x800067fc       0xb0 /opt/devkitpro/devkitPPC/lib/gcc/powerpc-eabi/4.8.2/../../../../powerpc-eabi/lib/libsysbase.a(fstat.o)
                0x800067fc                _fstat_r
 .text          0x800068ac        0x8 /opt/devkitpro/devkitPPC/lib/gcc/powerpc-eabi/4.8.2/../../../../powerpc-eabi/lib/libsysbase.a(isatty.o)
                0x800068ac                _isatty_r
 .text          0x800068b4       0xc0 /opt/devkitpro/devkitPPC/lib/gcc/powerpc-eabi/4.8.2/../../../../powerpc-eabi/lib/libsysbase.a(lseek.o)
                0x800068b4                _lseek_r
 .text          0x80006974       0xb0 /opt/devkitpro/devkitPPC/lib/gcc/powerpc-eabi/4.8.2/../../../../powerpc-eabi/lib/libsysbase.a(read.o)
                0x80006974                _read_r
 .text          0x80006a24       0x28 /opt/devkitpro/devkitPPC/lib/gcc/powerpc-eabi/4.8.2/../../../../powerpc-eabi/lib/libsysbase.a(sbrk.o)
                0x80006a24                _sbrk_r
 .text          0x80006a4c       0xb8 /opt/devkitpro/devkitPPC/lib/gcc/powerpc-eabi/4.8.2/../../../../powerpc-eabi/lib/libsysbase.a(write.o)
                0x80006a4c                _write_r
 .text          0x80006b04       0x4c /opt/devkitpro/devkitPPC/lib/gcc/powerpc-eabi/4.8.2/../../../../powerpc-eabi/lib/libsysbase.a(flock.o)
                0x80006b04                __flockfile
                0x80006b48                __funlockfile
 .text          0x80006b50      0x174 /opt/devkitpro/devkitPPC/lib/gcc/powerpc-eabi/4.8.2/../../../../powerpc-eabi/lib/libsysbase.a(handle_manager.o)
                0x80006b50                __release_handle
                0x80006bac                __alloc_handle
                0x80006c9c                __get_handle
 .text          0x80006cc4       0x68 /opt/devkitpro/devkitPPC/lib/gcc/powerpc-eabi/4.8.2/crtend.o
 *(.text.*)
 .text.ERROR_Init
                0x80006d2c       0x98 s_errors.o
                0x80006d2c                ERROR_Init
 .text.printError
                0x80006dc4       0xb0 s_errors.o
                0x80006dc4                printError
 .text.__drawLine
                0x80006e74       0xa0 s_primitives.o
                0x80006e74                __drawLine
 .text.Bresenham
                0x80006f14      0x2d4 simple_graphics.o
                0x80006f14                Bresenham
 .text.drawFunc
                0x800071e8      0x128 simple_graphics.o
                0x800071e8                drawFunc
 .text.FIFO_Init
                0x80007310       0xb4 simple_graphics.o
                0x80007310                FIFO_Init
 .text.SG_Init  0x800073c4      0x340 simple_graphics.o
                0x800073c4                SG_Init
 .text.DrawLine
                0x80007704       0x2c simple_graphics.o
                0x80007704                DrawLine
 .text.startup.main
                0x80007730       0x9c test.o
                0x80007730                main
 .text.__wpad_assign_slot
                0x800077cc      0x218 /opt/devkitpro/libogc/lib/wii/libwiiuse.a(wpad.o)
                0x800077cc                __wpad_assign_slot
 .text.__wpad_def_powcb
                0x800079e4        0x4 /opt/devkitpro/libogc/lib/wii/libwiiuse.a(wpad.o)
 .text.__wpad_disconnect
                0x800079e8       0x4c /opt/devkitpro/libogc/lib/wii/libwiiuse.a(wpad.o)
 .text.__readlinkkey_finished
                0x80007a34       0x30 /opt/devkitpro/libogc/lib/wii/libwiiuse.a(wpad.o)
 .text.__wpad_patch_finished
                0x80007a64       0x2c /opt/devkitpro/libogc/lib/wii/libwiiuse.a(wpad.o)
 .text.__wpad_setfmt
                0x80007a90      0x100 /opt/devkitpro/libogc/lib/wii/libwiiuse.a(wpad.o)
 .text.__wpad_eventCB
                0x80007b90      0x8e0 /opt/devkitpro/libogc/lib/wii/libwiiuse.a(wpad.o)
 .text.__wpad_disconnectCB
                0x80008470       0xcc /opt/devkitpro/libogc/lib/wii/libwiiuse.a(wpad.o)
                0x80008470                __wpad_disconnectCB
 .text.__wpad_timeouthandler
                0x8000853c       0x90 /opt/devkitpro/libogc/lib/wii/libwiiuse.a(wpad.o)
 .text.__initcore_finished
                0x800085cc       0x48 /opt/devkitpro/libogc/lib/wii/libwiiuse.a(wpad.o)
 .text.__wpad_init_finished
                0x80008614      0x138 /opt/devkitpro/libogc/lib/wii/libwiiuse.a(wpad.o)
 .text.WPAD_ReadEvent
                0x8000874c      0x574 /opt/devkitpro/libogc/lib/wii/libwiiuse.a(wpad.o)
                0x8000874c                WPAD_ReadEvent
 .text.WPAD_ReadPending
                0x80008cc0      0x108 /opt/devkitpro/libogc/lib/wii/libwiiuse.a(wpad.o)
                0x80008cc0                WPAD_ReadPending
 .text.WPAD_Shutdown
                0x80008dc8       0xbc /opt/devkitpro/libogc/lib/wii/libwiiuse.a(wpad.o)
                0x80008dc8                WPAD_Shutdown
 .text.WPAD_Init
                0x80008e84      0x234 /opt/devkitpro/libogc/lib/wii/libwiiuse.a(wpad.o)
                0x80008e84                WPAD_Init
 .text.__wpad_onreset
                0x800090b8       0x34 /opt/devkitpro/libogc/lib/wii/libwiiuse.a(wpad.o)
 .text.WPAD_ScanPads
                0x800090ec        0xc /opt/devkitpro/libogc/lib/wii/libwiiuse.a(wpad.o)
                0x800090ec                WPAD_ScanPads
 .text.WPAD_ButtonsDown
                0x800090f8       0x28 /opt/devkitpro/libogc/lib/wii/libwiiuse.a(wpad.o)
                0x800090f8                WPAD_ButtonsDown
 .text.motion_plus_disconnected
                0x80009120       0x10 /opt/devkitpro/libogc/lib/wii/libwiiuse.a(motion_plus.o)
                0x80009120                motion_plus_disconnected
 .text.motion_plus_event
                0x80009130       0x64 /opt/devkitpro/libogc/lib/wii/libwiiuse.a(motion_plus.o)
                0x80009130                motion_plus_event
 .text.calculate_gforce
                0x80009194      0x114 /opt/devkitpro/libogc/lib/wii/libwiiuse.a(dynamics.o)
                0x80009194                calculate_gforce
 .text.calc_joystick_state
                0x800092a8      0x1fc /opt/devkitpro/libogc/lib/wii/libwiiuse.a(dynamics.o)
                0x800092a8                calc_joystick_state
 .text.apply_smoothing
                0x800094a4      0x158 /opt/devkitpro/libogc/lib/wii/libwiiuse.a(dynamics.o)
                0x800094a4                apply_smoothing
 .text.calculate_orientation
                0x800095fc      0x298 /opt/devkitpro/libogc/lib/wii/libwiiuse.a(dynamics.o)
                0x800095fc                calculate_orientation
 .text.calc_balanceboard_state
                0x80009894      0x344 /opt/devkitpro/libogc/lib/wii/libwiiuse.a(dynamics.o)
                0x80009894                calc_balanceboard_state
 .text.wiiuse_handshake
                0x80009bd8      0x164 /opt/devkitpro/libogc/lib/wii/libwiiuse.a(io.o)
                0x80009bd8                wiiuse_handshake
 .text.wiiuse_handshake_expansion
                0x80009d3c      0x1c4 /opt/devkitpro/libogc/lib/wii/libwiiuse.a(io.o)
                0x80009d3c                wiiuse_handshake_expansion
 .text.wiiuse_handshake_expansion_start
                0x80009f00       0x24 /opt/devkitpro/libogc/lib/wii/libwiiuse.a(io.o)
                0x80009f00                wiiuse_handshake_expansion_start
 .text.wiiuse_disable_expansion
                0x80009f24       0xcc /opt/devkitpro/libogc/lib/wii/libwiiuse.a(io.o)
                0x80009f24                wiiuse_disable_expansion
 .text.__wiiuse_connected
                0x80009ff0       0x78 /opt/devkitpro/libogc/lib/wii/libwiiuse.a(io_wii.o)
 .text.__wiiuse_disconnected
                0x8000a068       0x90 /opt/devkitpro/libogc/lib/wii/libwiiuse.a(io_wii.o)
 .text.__wiiuse_receive
                0x8000a0f8       0x8c /opt/devkitpro/libogc/lib/wii/libwiiuse.a(io_wii.o)
 .text.__wiiuse_sensorbar_enable
                0x8000a184       0x4c /opt/devkitpro/libogc/lib/wii/libwiiuse.a(io_wii.o)
                0x8000a184                __wiiuse_sensorbar_enable
 .text.wiiuse_register
                0x8000a1d0       0xa8 /opt/devkitpro/libogc/lib/wii/libwiiuse.a(io_wii.o)
                0x8000a1d0                wiiuse_register
 .text.wiiuse_disconnect
                0x8000a278       0x24 /opt/devkitpro/libogc/lib/wii/libwiiuse.a(io_wii.o)
                0x8000a278                wiiuse_disconnect
 .text.wiiuse_init_cmd_queue
                0x8000a29c       0x90 /opt/devkitpro/libogc/lib/wii/libwiiuse.a(io_wii.o)
                0x8000a29c                wiiuse_init_cmd_queue
 .text.wiiuse_io_write
                0x8000a32c       0x1c /opt/devkitpro/libogc/lib/wii/libwiiuse.a(io_wii.o)
                0x8000a32c                wiiuse_io_write
 .text.get_ir_sens.isra.0
                0x8000a348       0xe4 /opt/devkitpro/libogc/lib/wii/libwiiuse.a(ir.o)
 .text.rotate_dots
                0x8000a42c       0xf8 /opt/devkitpro/libogc/lib/wii/libwiiuse.a(ir.o)
 .text.wiiuse_set_ir_mode
                0x8000a524       0x60 /opt/devkitpro/libogc/lib/wii/libwiiuse.a(ir.o)
                0x8000a524                wiiuse_set_ir_mode
 .text.wiiuse_set_ir
                0x8000a584      0x19c /opt/devkitpro/libogc/lib/wii/libwiiuse.a(ir.o)
                0x8000a584                wiiuse_set_ir
 .text.wiiuse_set_ir_position
                0x8000a720       0x78 /opt/devkitpro/libogc/lib/wii/libwiiuse.a(ir.o)
                0x8000a720                wiiuse_set_ir_position
 .text.wiiuse_set_aspect_ratio
                0x8000a798       0x3c /opt/devkitpro/libogc/lib/wii/libwiiuse.a(ir.o)
                0x8000a798                wiiuse_set_aspect_ratio
 .text.wiiuse_set_ir_sensitivity
                0x8000a7d4       0xf0 /opt/devkitpro/libogc/lib/wii/libwiiuse.a(ir.o)
                0x8000a7d4                wiiuse_set_ir_sensitivity
 .text.calculate_basic_ir
                0x8000a8c4       0xf4 /opt/devkitpro/libogc/lib/wii/libwiiuse.a(ir.o)
                0x8000a8c4                calculate_basic_ir
 .text.calculate_extended_ir
                0x8000a9b8       0x7c /opt/devkitpro/libogc/lib/wii/libwiiuse.a(ir.o)
                0x8000a9b8                calculate_extended_ir
 .text.find_sensorbar
                0x8000aa34      0x7f4 /opt/devkitpro/libogc/lib/wii/libwiiuse.a(ir.o)
                0x8000aa34                find_sensorbar
 .text.apply_ir_smoothing
                0x8000b228       0xcc /opt/devkitpro/libogc/lib/wii/libwiiuse.a(ir.o)
                0x8000b228                apply_ir_smoothing
 .text.calc_yaw
                0x8000b2f4       0x54 /opt/devkitpro/libogc/lib/wii/libwiiuse.a(ir.o)
                0x8000b2f4                calc_yaw
 .text.interpret_ir_data
                0x8000b348      0x35c /opt/devkitpro/libogc/lib/wii/libwiiuse.a(ir.o)
                0x8000b348                interpret_ir_data
 .text.nunchuk_handshake
                0x8000b6a4      0x228 /opt/devkitpro/libogc/lib/wii/libwiiuse.a(nunchuk.o)
                0x8000b6a4                nunchuk_handshake
 .text.nunchuk_disconnected
                0x8000b8cc        0xc /opt/devkitpro/libogc/lib/wii/libwiiuse.a(nunchuk.o)
                0x8000b8cc                nunchuk_disconnected
 .text.nunchuk_event
                0x8000b8d8       0xdc /opt/devkitpro/libogc/lib/wii/libwiiuse.a(nunchuk.o)
                0x8000b8d8                nunchuk_event
 .text.wii_board_handshake
                0x8000b9b4      0x16c /opt/devkitpro/libogc/lib/wii/libwiiuse.a(wiiboard.o)
                0x8000b9b4                wii_board_handshake
 .text.wii_board_disconnected
                0x8000bb20        0xc /opt/devkitpro/libogc/lib/wii/libwiiuse.a(wiiboard.o)
                0x8000bb20                wii_board_disconnected
 .text.wii_board_event
                0x8000bb2c       0x54 /opt/devkitpro/libogc/lib/wii/libwiiuse.a(wiiboard.o)
                0x8000bb2c                wii_board_event
 .text.wiiuse_send_next_command
                0x8000bb80       0x50 /opt/devkitpro/libogc/lib/wii/libwiiuse.a(wiiuse.o)
                0x8000bb80                wiiuse_send_next_command
 .text.__wiiuse_push_command
                0x8000bbd0       0x90 /opt/devkitpro/libogc/lib/wii/libwiiuse.a(wiiuse.o)
 .text.wiiuse_init
                0x8000bc60      0x158 /opt/devkitpro/libogc/lib/wii/libwiiuse.a(wiiuse.o)
                0x8000bc60                wiiuse_init
 .text.wiiuse_set_flags
                0x8000bdb8       0x24 /opt/devkitpro/libogc/lib/wii/libwiiuse.a(wiiuse.o)
                0x8000bdb8                wiiuse_set_flags
 .text.wiiuse_read_data
                0x8000bddc       0x94 /opt/devkitpro/libogc/lib/wii/libwiiuse.a(wiiuse.o)
                0x8000bddc                wiiuse_read_data
 .text.wiiuse_write_data
                0x8000be70       0xc4 /opt/devkitpro/libogc/lib/wii/libwiiuse.a(wiiuse.o)
                0x8000be70                wiiuse_write_data
 .text.wiiuse_sendcmd
                0x8000bf34       0x8c /opt/devkitpro/libogc/lib/wii/libwiiuse.a(wiiuse.o)
                0x8000bf34                wiiuse_sendcmd
 .text.wiiuse_set_leds
                0x8000bfc0       0x50 /opt/devkitpro/libogc/lib/wii/libwiiuse.a(wiiuse.o)
                0x8000bfc0                wiiuse_set_leds
 .text.wiiuse_set_report_type
                0x8000c010       0xd8 /opt/devkitpro/libogc/lib/wii/libwiiuse.a(wiiuse.o)
                0x8000c010                wiiuse_set_report_type
 .text.wiiuse_status
                0x8000c0e8       0x4c /opt/devkitpro/libogc/lib/wii/libwiiuse.a(wiiuse.o)
                0x8000c0e8                wiiuse_status
 .text.wiiuse_motion_sensing
                0x8000c134       0x3c /opt/devkitpro/libogc/lib/wii/libwiiuse.a(wiiuse.o)
                0x8000c134                wiiuse_motion_sensing
 .text.wiiuse_set_speaker
                0x8000c170      0x1f0 /opt/devkitpro/libogc/lib/wii/libwiiuse.a(speaker.o)
                0x8000c170                wiiuse_set_speaker
 .text.classic_ctrl_handshake
                0x8000c360      0x17c /opt/devkitpro/libogc/lib/wii/libwiiuse.a(classic.o)
                0x8000c360                classic_ctrl_handshake
 .text.classic_ctrl_disconnected
                0x8000c4dc        0xc /opt/devkitpro/libogc/lib/wii/libwiiuse.a(classic.o)
                0x8000c4dc                classic_ctrl_disconnected
 .text.classic_ctrl_event
                0x8000c4e8       0xa0 /opt/devkitpro/libogc/lib/wii/libwiiuse.a(classic.o)
                0x8000c4e8                classic_ctrl_event
 .text.handle_expansion
                0x8000c588       0x44 /opt/devkitpro/libogc/lib/wii/libwiiuse.a(events.o)
 .text.wiiuse_pressed_buttons
                0x8000c5cc       0x2c /opt/devkitpro/libogc/lib/wii/libwiiuse.a(events.o)
                0x8000c5cc                wiiuse_pressed_buttons
 .text.parse_event
                0x8000c5f8      0x578 /opt/devkitpro/libogc/lib/wii/libwiiuse.a(events.o)
                0x8000c5f8                parse_event
 .text.guitar_hero_3_handshake
                0x8000cb70       0x68 /opt/devkitpro/libogc/lib/wii/libwiiuse.a(guitar_hero_3.o)
                0x8000cb70                guitar_hero_3_handshake
 .text.guitar_hero_3_disconnected
                0x8000cbd8        0xc /opt/devkitpro/libogc/lib/wii/libwiiuse.a(guitar_hero_3.o)
                0x8000cbd8                guitar_hero_3_disconnected
 .text.guitar_hero_3_event
                0x8000cbe4       0x64 /opt/devkitpro/libogc/lib/wii/libwiiuse.a(guitar_hero_3.o)
                0x8000cbe4                guitar_hero_3_event
 .text.acl_wlp_completed
                0x8000cc48        0x8 /opt/devkitpro/libogc/lib/wii/libbte.a(bte.o)
                0x8000cc48                acl_wlp_completed
 .text.bt_alarmhandler
                0x8000cc50       0x60 /opt/devkitpro/libogc/lib/wii/libbte.a(bte.o)
 .text.__bte_cmdfinish
                0x8000ccb0       0x9c /opt/devkitpro/libogc/lib/wii/libbte.a(bte.o)
 .text.__bte_shutdown_finished
                0x8000cd4c       0x60 /opt/devkitpro/libogc/lib/wii/libbte.a(bte.o)
 .text.bte_hci_apply_patch_complete
                0x8000cdac       0xa8 /opt/devkitpro/libogc/lib/wii/libbte.a(bte.o)
                0x8000cdac                bte_hci_apply_patch_complete
 .text.__bte_send_pending_request
                0x8000ce54       0xc0 /opt/devkitpro/libogc/lib/wii/libbte.a(bte.o)
 .text.__bte_close_ctrl_queue
                0x8000cf14       0x80 /opt/devkitpro/libogc/lib/wii/libbte.a(bte.o)
 .text.acl_conn_complete
                0x8000cf94       0x2c /opt/devkitpro/libogc/lib/wii/libbte.a(bte.o)
                0x8000cf94                acl_conn_complete
 .text.bte_hci_initcore_complete2
                0x8000cfc0       0xf0 /opt/devkitpro/libogc/lib/wii/libbte.a(bte.o)
                0x8000cfc0                bte_hci_initcore_complete2
 .text.bte_hci_initcore_complete
                0x8000d0b0      0x150 /opt/devkitpro/libogc/lib/wii/libbte.a(bte.o)
                0x8000d0b0                bte_hci_initcore_complete
 .text.bte_hci_patch_complete
                0x8000d200      0x1b0 /opt/devkitpro/libogc/lib/wii/libbte.a(bte.o)
                0x8000d200                bte_hci_patch_complete
 .text.bte_hci_initsub_complete
                0x8000d3b0      0x12c /opt/devkitpro/libogc/lib/wii/libbte.a(bte.o)
                0x8000d3b0                bte_hci_initsub_complete
 .text.bte_read_stored_link_key_complete
                0x8000d4dc      0x10c /opt/devkitpro/libogc/lib/wii/libbte.a(bte.o)
                0x8000d4dc                bte_read_stored_link_key_complete
 .text.l2cap_disconnected_ind
                0x8000d5e8       0xb0 /opt/devkitpro/libogc/lib/wii/libbte.a(bte.o)
                0x8000d5e8                l2cap_disconnected_ind
 .text.bte_process_input
                0x8000d698       0xf8 /opt/devkitpro/libogc/lib/wii/libbte.a(bte.o)
 .text.l2cap_disconnect_cfm
                0x8000d790       0xd8 /opt/devkitpro/libogc/lib/wii/libbte.a(bte.o)
                0x8000d790                l2cap_disconnect_cfm
 .text.l2cap_accepted
                0x8000d868       0xd4 /opt/devkitpro/libogc/lib/wii/libbte.a(bte.o)
                0x8000d868                l2cap_accepted
 .text.__bte_waitcmdfinish.constprop.7
                0x8000d93c       0x7c /opt/devkitpro/libogc/lib/wii/libbte.a(bte.o)
 .text.BTE_Init
                0x8000d9b8      0x118 /opt/devkitpro/libogc/lib/wii/libbte.a(bte.o)
                0x8000d9b8                BTE_Init
 .text.BTE_Shutdown
                0x8000dad0       0xa8 /opt/devkitpro/libogc/lib/wii/libbte.a(bte.o)
                0x8000dad0                BTE_Shutdown
 .text.BTE_InitCore
                0x8000db78       0x80 /opt/devkitpro/libogc/lib/wii/libbte.a(bte.o)
                0x8000db78                BTE_InitCore
 .text.BTE_ApplyPatch
                0x8000dbf8       0x9c /opt/devkitpro/libogc/lib/wii/libbte.a(bte.o)
                0x8000dbf8                BTE_ApplyPatch
 .text.BTE_InitSub
                0x8000dc94       0x84 /opt/devkitpro/libogc/lib/wii/libbte.a(bte.o)
                0x8000dc94                BTE_InitSub
 .text.BTE_ReadStoredLinkKey
                0x8000dd18       0x88 /opt/devkitpro/libogc/lib/wii/libbte.a(bte.o)
                0x8000dd18                BTE_ReadStoredLinkKey
 .text.BTE_SetDisconnectCallback
                0x8000dda0        0x4 /opt/devkitpro/libogc/lib/wii/libbte.a(bte.o)
                0x8000dda0                BTE_SetDisconnectCallback
 .text.bte_new  0x8000dda4       0x48 /opt/devkitpro/libogc/lib/wii/libbte.a(bte.o)
                0x8000dda4                bte_new
 .text.bte_registerdeviceasync
                0x8000ddec      0x12c /opt/devkitpro/libogc/lib/wii/libbte.a(bte.o)
                0x8000ddec                bte_registerdeviceasync
 .text.bte_disconnect
                0x8000df18       0x94 /opt/devkitpro/libogc/lib/wii/libbte.a(bte.o)
                0x8000df18                bte_disconnect
 .text.bte_senddata
                0x8000dfac       0xb8 /opt/devkitpro/libogc/lib/wii/libbte.a(bte.o)
                0x8000dfac                bte_senddata
 .text.bte_arg  0x8000e064       0x40 /opt/devkitpro/libogc/lib/wii/libbte.a(bte.o)
                0x8000e064                bte_arg
 .text.bte_received
                0x8000e0a4       0x40 /opt/devkitpro/libogc/lib/wii/libbte.a(bte.o)
                0x8000e0a4                bte_received
 .text.bte_disconnected
                0x8000e0e4       0x40 /opt/devkitpro/libogc/lib/wii/libbte.a(bte.o)
                0x8000e0e4                bte_disconnected
 .text.hci_init
                0x8000e124       0x7c /opt/devkitpro/libogc/lib/wii/libbte.a(hci.o)
                0x8000e124                hci_init
 .text.hci_new  0x8000e1a0       0x38 /opt/devkitpro/libogc/lib/wii/libbte.a(hci.o)
                0x8000e1a0                hci_new
 .text.hci_get_link
                0x8000e1d8       0x7c /opt/devkitpro/libogc/lib/wii/libbte.a(hci.o)
                0x8000e1d8                hci_get_link
 .text.hci_close
                0x8000e254       0xc8 /opt/devkitpro/libogc/lib/wii/libbte.a(hci.o)
                0x8000e254                hci_close
 .text.hci_reset_all
                0x8000e31c       0x98 /opt/devkitpro/libogc/lib/wii/libbte.a(hci.o)
                0x8000e31c                hci_reset_all
 .text.hci_arg  0x8000e3b4        0xc /opt/devkitpro/libogc/lib/wii/libbte.a(hci.o)
                0x8000e3b4                hci_arg
 .text.hci_cmd_complete
                0x8000e3c0        0xc /opt/devkitpro/libogc/lib/wii/libbte.a(hci.o)
                0x8000e3c0                hci_cmd_complete
 .text.hci_connection_complete
                0x8000e3cc        0xc /opt/devkitpro/libogc/lib/wii/libbte.a(hci.o)
                0x8000e3cc                hci_connection_complete
 .text.hci_wlp_complete
                0x8000e3d8        0xc /opt/devkitpro/libogc/lib/wii/libbte.a(hci.o)
                0x8000e3d8                hci_wlp_complete
 .text.hci_cmd_ass
                0x8000e3e4       0x4c /opt/devkitpro/libogc/lib/wii/libbte.a(hci.o)
                0x8000e3e4                hci_cmd_ass
 .text.hci_reset
                0x8000e430       0x60 /opt/devkitpro/libogc/lib/wii/libbte.a(hci.o)
                0x8000e430                hci_reset
 .text.hci_read_buffer_size
                0x8000e490       0x60 /opt/devkitpro/libogc/lib/wii/libbte.a(hci.o)
                0x8000e490                hci_read_buffer_size
 .text.hci_read_bd_addr
                0x8000e4f0       0x60 /opt/devkitpro/libogc/lib/wii/libbte.a(hci.o)
                0x8000e4f0                hci_read_bd_addr
 .text.hci_read_local_version
                0x8000e550       0x60 /opt/devkitpro/libogc/lib/wii/libbte.a(hci.o)
                0x8000e550                hci_read_local_version
 .text.hci_read_local_features
                0x8000e5b0       0x60 /opt/devkitpro/libogc/lib/wii/libbte.a(hci.o)
                0x8000e5b0                hci_read_local_features
 .text.hci_read_stored_link_key
                0x8000e610       0xa8 /opt/devkitpro/libogc/lib/wii/libbte.a(hci.o)
                0x8000e610                hci_read_stored_link_key
 .text.hci_write_page_timeout
                0x8000e6b8       0x7c /opt/devkitpro/libogc/lib/wii/libbte.a(hci.o)
                0x8000e6b8                hci_write_page_timeout
 .text.hci_write_scan_enable
                0x8000e734       0x6c /opt/devkitpro/libogc/lib/wii/libbte.a(hci.o)
                0x8000e734                hci_write_scan_enable
 .text.hci_accecpt_conn_request
                0x8000e7a0       0x80 /opt/devkitpro/libogc/lib/wii/libbte.a(hci.o)
                0x8000e7a0                hci_accecpt_conn_request
 .text.hci_write_local_name
                0x8000e820       0x80 /opt/devkitpro/libogc/lib/wii/libbte.a(hci.o)
                0x8000e820                hci_write_local_name
 .text.hci_write_pin_type
                0x8000e8a0       0x6c /opt/devkitpro/libogc/lib/wii/libbte.a(hci.o)
                0x8000e8a0                hci_write_pin_type
 .text.hci_write_inquiry_mode
                0x8000e90c       0x6c /opt/devkitpro/libogc/lib/wii/libbte.a(hci.o)
                0x8000e90c                hci_write_inquiry_mode
 .text.hci_write_page_scan_type
                0x8000e978       0x6c /opt/devkitpro/libogc/lib/wii/libbte.a(hci.o)
                0x8000e978                hci_write_page_scan_type
 .text.hci_write_inquiry_scan_type
                0x8000e9e4       0x6c /opt/devkitpro/libogc/lib/wii/libbte.a(hci.o)
                0x8000e9e4                hci_write_inquiry_scan_type
 .text.hci_vendor_specific_command
                0x8000ea50       0x8c /opt/devkitpro/libogc/lib/wii/libbte.a(hci.o)
                0x8000ea50                hci_vendor_specific_command
 .text.hci_write_link_policy_settings
                0x8000eadc       0xa8 /opt/devkitpro/libogc/lib/wii/libbte.a(hci.o)
                0x8000eadc                hci_write_link_policy_settings
 .text.hci_pin_code_request_neg_reply
                0x8000eb84       0x74 /opt/devkitpro/libogc/lib/wii/libbte.a(hci.o)
                0x8000eb84                hci_pin_code_request_neg_reply
 .text.hci_disconnect
                0x8000ebf8       0x9c /opt/devkitpro/libogc/lib/wii/libbte.a(hci.o)
                0x8000ebf8                hci_disconnect
 .text.hci_write_cod
                0x8000ec94       0x78 /opt/devkitpro/libogc/lib/wii/libbte.a(hci.o)
                0x8000ec94                hci_write_cod
 .text.hci_host_buffer_size
                0x8000ed0c       0xcc /opt/devkitpro/libogc/lib/wii/libbte.a(hci.o)
                0x8000ed0c                hci_host_buffer_size
 .text.hci_host_num_comp_packets
                0x8000edd8       0xb0 /opt/devkitpro/libogc/lib/wii/libbte.a(hci.o)
                0x8000edd8                hci_host_num_comp_packets
 .text.lp_pdu_maxsize
                0x8000ee88        0xc /opt/devkitpro/libogc/lib/wii/libbte.a(hci.o)
                0x8000ee88                lp_pdu_maxsize
 .text.lp_acl_write
                0x8000ee94      0x120 /opt/devkitpro/libogc/lib/wii/libbte.a(hci.o)
                0x8000ee94                lp_acl_write
 .text.lp_write_flush_timeout
                0x8000efb4       0xa8 /opt/devkitpro/libogc/lib/wii/libbte.a(hci.o)
                0x8000efb4                lp_write_flush_timeout
 .text.hci_event_handler
                0x8000f05c      0xa78 /opt/devkitpro/libogc/lib/wii/libbte.a(hci.o)
                0x8000f05c                hci_event_handler
 .text.hci_acldata_handler
                0x8000fad4       0xd8 /opt/devkitpro/libogc/lib/wii/libbte.a(hci.o)
                0x8000fad4                hci_acldata_handler
 .text.l2cap_cid_alloc
                0x8000fbac       0x4c /opt/devkitpro/libogc/lib/wii/libbte.a(l2cap.o)
 .text.l2cap_init
                0x8000fbf8       0x60 /opt/devkitpro/libogc/lib/wii/libbte.a(l2cap.o)
                0x8000fbf8                l2cap_init
 .text.l2cap_write
                0x8000fc58       0xd8 /opt/devkitpro/libogc/lib/wii/libbte.a(l2cap.o)
                0x8000fc58                l2cap_write
 .text.l2cap_new
                0x8000fd30       0x68 /opt/devkitpro/libogc/lib/wii/libbte.a(l2cap.o)
                0x8000fd30                l2cap_new
 .text.l2cap_close
                0x8000fd98      0x16c /opt/devkitpro/libogc/lib/wii/libbte.a(l2cap.o)
                0x8000fd98                l2cap_close
 .text.l2cap_reset_all
                0x8000ff04      0x108 /opt/devkitpro/libogc/lib/wii/libbte.a(l2cap.o)
                0x8000ff04                l2cap_reset_all
 .text.l2cap_rexmit_signal
                0x8001000c       0x10 /opt/devkitpro/libogc/lib/wii/libbte.a(l2cap.o)
                0x8001000c                l2cap_rexmit_signal
 .text.l2ca_datawrite
                0x8001001c       0xf8 /opt/devkitpro/libogc/lib/wii/libbte.a(l2cap.o)
                0x8001001c                l2ca_datawrite
 .text.lp_connect_ind
                0x80010114        0x4 /opt/devkitpro/libogc/lib/wii/libbte.a(l2cap.o)
                0x80010114                lp_connect_ind
 .text.lp_disconnect_ind
                0x80010118       0xf4 /opt/devkitpro/libogc/lib/wii/libbte.a(l2cap.o)
                0x80010118                lp_disconnect_ind
 .text.l2cap_disconnect_bb
                0x8001020c       0x10 /opt/devkitpro/libogc/lib/wii/libbte.a(l2cap.o)
                0x8001020c                l2cap_disconnect_bb
 .text.l2cap_next_sigid
                0x8001021c       0x28 /opt/devkitpro/libogc/lib/wii/libbte.a(l2cap.o)
                0x8001021c                l2cap_next_sigid
 .text.l2cap_signal
                0x80010244      0x188 /opt/devkitpro/libogc/lib/wii/libbte.a(l2cap.o)
                0x80010244                l2cap_signal
 .text.l2ca_config_req
                0x800103cc      0x10c /opt/devkitpro/libogc/lib/wii/libbte.a(l2cap.o)
                0x800103cc                l2ca_config_req
 .text.l2ca_disconnect_req
                0x800104d8       0xb4 /opt/devkitpro/libogc/lib/wii/libbte.a(l2cap.o)
                0x800104d8                l2ca_disconnect_req
 .text.l2cap_tmr
                0x8001058c      0x1e8 /opt/devkitpro/libogc/lib/wii/libbte.a(l2cap.o)
                0x8001058c                l2cap_tmr
 .text.l2cap_process_sig
                0x80010774     0x103c /opt/devkitpro/libogc/lib/wii/libbte.a(l2cap.o)
                0x80010774                l2cap_process_sig
 .text.lp_connect_cfm
                0x800117b0      0x134 /opt/devkitpro/libogc/lib/wii/libbte.a(l2cap.o)
                0x800117b0                lp_connect_cfm
 .text.l2cap_input
                0x800118e4      0x504 /opt/devkitpro/libogc/lib/wii/libbte.a(l2cap.o)
                0x800118e4                l2cap_input
 .text.l2cap_arg
                0x80011de8        0x8 /opt/devkitpro/libogc/lib/wii/libbte.a(l2cap.o)
                0x80011de8                l2cap_arg
 .text.l2cap_connect_ind
                0x80011df0       0xdc /opt/devkitpro/libogc/lib/wii/libbte.a(l2cap.o)
                0x80011df0                l2cap_connect_ind
 .text.l2cap_disconnect_ind
                0x80011ecc        0x8 /opt/devkitpro/libogc/lib/wii/libbte.a(l2cap.o)
                0x80011ecc                l2cap_disconnect_ind
 .text.l2cap_recv
                0x80011ed4        0x8 /opt/devkitpro/libogc/lib/wii/libbte.a(l2cap.o)
                0x80011ed4                l2cap_recv
 .text.btmemb_init
                0x80011edc       0x24 /opt/devkitpro/libogc/lib/wii/libbte.a(btmemb.o)
                0x80011edc                btmemb_init
 .text.btmemb_alloc
                0x80011f00       0x9c /opt/devkitpro/libogc/lib/wii/libbte.a(btmemb.o)
                0x80011f00                btmemb_alloc
 .text.btmemb_free
                0x80011f9c       0xa4 /opt/devkitpro/libogc/lib/wii/libbte.a(btmemb.o)
                0x80011f9c                btmemb_free
 .text.plug_holes
                0x80012040       0xa8 /opt/devkitpro/libogc/lib/wii/libbte.a(btmemr.o)
 .text.btmemr_init
                0x800120e8       0x94 /opt/devkitpro/libogc/lib/wii/libbte.a(btmemr.o)
                0x800120e8                btmemr_init
 .text.btmemr_malloc
                0x8001217c      0x158 /opt/devkitpro/libogc/lib/wii/libbte.a(btmemr.o)
                0x8001217c                btmemr_malloc
 .text.btmemr_free
                0x800122d4       0x94 /opt/devkitpro/libogc/lib/wii/libbte.a(btmemr.o)
                0x800122d4                btmemr_free
 .text.btmemr_realloc
                0x80012368       0xfc /opt/devkitpro/libogc/lib/wii/libbte.a(btmemr.o)
                0x80012368                btmemr_realloc
 .text.btpbuf_init
                0x80012464       0x28 /opt/devkitpro/libogc/lib/wii/libbte.a(btpbuf.o)
                0x80012464                btpbuf_init
 .text.btpbuf_free
                0x8001248c       0xd0 /opt/devkitpro/libogc/lib/wii/libbte.a(btpbuf.o)
                0x8001248c                btpbuf_free
 .text.btpbuf_alloc
                0x8001255c      0x1bc /opt/devkitpro/libogc/lib/wii/libbte.a(btpbuf.o)
                0x8001255c                btpbuf_alloc
 .text.btpbuf_realloc
                0x80012718       0xa0 /opt/devkitpro/libogc/lib/wii/libbte.a(btpbuf.o)
                0x80012718                btpbuf_realloc
 .text.btpbuf_header
                0x800127b8       0x84 /opt/devkitpro/libogc/lib/wii/libbte.a(btpbuf.o)
                0x800127b8                btpbuf_header
 .text.btpbuf_ref
                0x8001283c       0x50 /opt/devkitpro/libogc/lib/wii/libbte.a(btpbuf.o)
                0x8001283c                btpbuf_ref
 .text.btpbuf_cat
                0x8001288c       0x48 /opt/devkitpro/libogc/lib/wii/libbte.a(btpbuf.o)
                0x8001288c                btpbuf_cat
 .text.btpbuf_chain
                0x800128d4       0x30 /opt/devkitpro/libogc/lib/wii/libbte.a(btpbuf.o)
                0x800128d4                btpbuf_chain
 .text.btpbuf_dechain
                0x80012904       0x60 /opt/devkitpro/libogc/lib/wii/libbte.a(btpbuf.o)
                0x80012904                btpbuf_dechain
 .text.btpbuf_take
                0x80012964       0xec /opt/devkitpro/libogc/lib/wii/libbte.a(btpbuf.o)
                0x80012964                btpbuf_take
 .text.__usb_closeCB
                0x80012a50       0x10 /opt/devkitpro/libogc/lib/wii/libbte.a(physbusif.o)
 .text.__writebulkmsgCB
                0x80012a60       0x30 /opt/devkitpro/libogc/lib/wii/libbte.a(physbusif.o)
 .text.__writectrlmsgCB
                0x80012a90       0x30 /opt/devkitpro/libogc/lib/wii/libbte.a(physbusif.o)
 .text.__issue_intrread.part.0
                0x80012ac0       0x80 /opt/devkitpro/libogc/lib/wii/libbte.a(physbusif.o)
 .text.__readintrdataCB
                0x80012b40      0x104 /opt/devkitpro/libogc/lib/wii/libbte.a(physbusif.o)
 .text.__issue_bulkread.part.2
                0x80012c44       0x80 /opt/devkitpro/libogc/lib/wii/libbte.a(physbusif.o)
 .text.__readbulkdataCB
                0x80012cc4      0x104 /opt/devkitpro/libogc/lib/wii/libbte.a(physbusif.o)
 .text.physbusif_init
                0x80012dc8      0x1ac /opt/devkitpro/libogc/lib/wii/libbte.a(physbusif.o)
                0x80012dc8                physbusif_init
 .text.physbusif_close
                0x80012f74       0x28 /opt/devkitpro/libogc/lib/wii/libbte.a(physbusif.o)
                0x80012f74                physbusif_close
 .text.physbusif_shutdown
                0x80012f9c       0x24 /opt/devkitpro/libogc/lib/wii/libbte.a(physbusif.o)
                0x80012f9c                physbusif_shutdown
 .text.physbusif_reset_all
                0x80012fc0        0x4 /opt/devkitpro/libogc/lib/wii/libbte.a(physbusif.o)
                0x80012fc0                physbusif_reset_all
 .text.physbusif_output
                0x80012fc4      0x14c /opt/devkitpro/libogc/lib/wii/libbte.a(physbusif.o)
                0x80012fc4                physbusif_output
 .text.__console_clear_line
                0x80013110       0x80 /opt/devkitpro/libogc/lib/wii/libogc.a(console.o)
 .text.__console_clear
                0x80013190       0x58 /opt/devkitpro/libogc/lib/wii/libogc.a(console.o)
 .text.__console_write
                0x800131e8      0x6a0 /opt/devkitpro/libogc/lib/wii/libogc.a(console.o)
                0x800131e8                __console_write
 .text.__console_init
                0x80013888      0x108 /opt/devkitpro/libogc/lib/wii/libogc.a(console.o)
                0x80013888                __console_init
 .text.CON_Init
                0x80013990        0x4 /opt/devkitpro/libogc/lib/wii/libogc.a(console.o)
                0x80013990                CON_Init
 .text.CON_EnableGecko
                0x80013994       0xb0 /opt/devkitpro/libogc/lib/wii/libogc.a(console.o)
                0x80013994                CON_EnableGecko
 .text.__lwp_queue_initialize
                0x80013a44       0x3c /opt/devkitpro/libogc/lib/wii/libogc.a(lwp_queue.o)
                0x80013a44                __lwp_queue_initialize
 .text.__lwp_queue_get
                0x80013a80       0x64 /opt/devkitpro/libogc/lib/wii/libogc.a(lwp_queue.o)
                0x80013a80                __lwp_queue_get
 .text.__lwp_queue_append
                0x80013ae4       0x54 /opt/devkitpro/libogc/lib/wii/libogc.a(lwp_queue.o)
                0x80013ae4                __lwp_queue_append
 .text.__lwp_priomap_addto
                0x80013b38       0x28 /opt/devkitpro/libogc/lib/wii/libogc.a(lwp_threads.o)
 .text.__lwp_thread_calcheir
                0x80013b60       0x3c /opt/devkitpro/libogc/lib/wii/libogc.a(lwp_threads.o)
 .text.__lwp_thread_dispatchunnest
                0x80013b9c       0x10 /opt/devkitpro/libogc/lib/wii/libogc.a(lwp_threads.o)
 .text.__lwp_priomap_removefrom
                0x80013bac       0x38 /opt/devkitpro/libogc/lib/wii/libogc.a(lwp_threads.o)
 .text.__lwp_wd_insert_ticks.constprop.4
                0x80013be4       0x5c /opt/devkitpro/libogc/lib/wii/libogc.a(lwp_threads.o)
 .text.__lwp_isr_in_progress
                0x80013c40        0x8 /opt/devkitpro/libogc/lib/wii/libogc.a(lwp_threads.o)
                0x80013c40                __lwp_isr_in_progress
 .text.__thread_dispatch_fp
                0x80013c48       0x7c /opt/devkitpro/libogc/lib/wii/libogc.a(lwp_threads.o)
                0x80013c48                __thread_dispatch_fp
 .text.__thread_dispatch
                0x80013cc4       0xdc /opt/devkitpro/libogc/lib/wii/libogc.a(lwp_threads.o)
                0x80013cc4                __thread_dispatch
 .text.__lwp_thread_dispatchenable
                0x80013da0       0x18 /opt/devkitpro/libogc/lib/wii/libogc.a(lwp_threads.o)
 .text.__lwp_thread_resettimeslice
                0x80013db8       0xb8 /opt/devkitpro/libogc/lib/wii/libogc.a(lwp_threads.o)
                0x80013db8                __lwp_thread_resettimeslice
 .text.__lwp_thread_tickle_timeslice
                0x80013e70       0x7c /opt/devkitpro/libogc/lib/wii/libogc.a(lwp_threads.o)
                0x80013e70                __lwp_thread_tickle_timeslice
 .text.__lwp_thread_setstate
                0x80013eec       0xf4 /opt/devkitpro/libogc/lib/wii/libogc.a(lwp_threads.o)
                0x80013eec                __lwp_thread_setstate
 .text.__lwp_thread_clearstate
                0x80013fe0       0xe8 /opt/devkitpro/libogc/lib/wii/libogc.a(lwp_threads.o)
                0x80013fe0                __lwp_thread_clearstate
 .text.__lwp_thread_delayended
                0x800140c8       0x3c /opt/devkitpro/libogc/lib/wii/libogc.a(lwp_threads.o)
                0x800140c8                __lwp_thread_delayended
 .text.__lwp_thread_setpriority
                0x80014104       0x5c /opt/devkitpro/libogc/lib/wii/libogc.a(lwp_threads.o)
                0x80014104                __lwp_thread_setpriority
 .text.__lwp_thread_suspend
                0x80014160      0x104 /opt/devkitpro/libogc/lib/wii/libogc.a(lwp_threads.o)
                0x80014160                __lwp_thread_suspend
 .text.__lwp_thread_settransient
                0x80014264       0xa4 /opt/devkitpro/libogc/lib/wii/libogc.a(lwp_threads.o)
                0x80014264                __lwp_thread_settransient
 .text.__lwp_thread_changepriority
                0x80014308      0x118 /opt/devkitpro/libogc/lib/wii/libogc.a(lwp_threads.o)
                0x80014308                __lwp_thread_changepriority
 .text.__lwp_thread_resume
                0x80014420      0x130 /opt/devkitpro/libogc/lib/wii/libogc.a(lwp_threads.o)
                0x80014420                __lwp_thread_resume
 .text.__lwp_thread_loadenv
                0x80014550       0x78 /opt/devkitpro/libogc/lib/wii/libogc.a(lwp_threads.o)
                0x80014550                __lwp_thread_loadenv
 .text.__lwp_thread_ready
                0x800145c8       0xc8 /opt/devkitpro/libogc/lib/wii/libogc.a(lwp_threads.o)
                0x800145c8                __lwp_thread_ready
 .text.__lwp_thread_init
                0x80014690       0xf8 /opt/devkitpro/libogc/lib/wii/libogc.a(lwp_threads.o)
                0x80014690                __lwp_thread_init
 .text.__lwp_thread_close
                0x80014788      0x114 /opt/devkitpro/libogc/lib/wii/libogc.a(lwp_threads.o)
                0x80014788                __lwp_thread_close
 .text.__lwp_thread_closeall
                0x8001489c       0x90 /opt/devkitpro/libogc/lib/wii/libogc.a(lwp_threads.o)
                0x8001489c                __lwp_thread_closeall
 .text.__lwp_thread_exit
                0x8001492c       0x38 /opt/devkitpro/libogc/lib/wii/libogc.a(lwp_threads.o)
                0x8001492c                __lwp_thread_exit
 .text.__lwp_thread_handler
                0x80014964       0x64 /opt/devkitpro/libogc/lib/wii/libogc.a(lwp_threads.o)
 .text.__lwp_thread_start
                0x800149c8       0x50 /opt/devkitpro/libogc/lib/wii/libogc.a(lwp_threads.o)
                0x800149c8                __lwp_thread_start
 .text.__lwp_thread_startmultitasking
                0x80014a18       0x70 /opt/devkitpro/libogc/lib/wii/libogc.a(lwp_threads.o)
                0x80014a18                __lwp_thread_startmultitasking
 .text.__lwp_thread_stopmultitasking
                0x80014a88       0x58 /opt/devkitpro/libogc/lib/wii/libogc.a(lwp_threads.o)
                0x80014a88                __lwp_thread_stopmultitasking
 .text.__lwp_thread_coreinit
                0x80014ae0       0xc0 /opt/devkitpro/libogc/lib/wii/libogc.a(lwp_threads.o)
                0x80014ae0                __lwp_thread_coreinit
 .text.__lwp_thread_dispatchdisable
                0x80014ba0       0x10 /opt/devkitpro/libogc/lib/wii/libogc.a(lwp.o)
 .text.idle_func
                0x80014bb0        0x4 /opt/devkitpro/libogc/lib/wii/libogc.a(lwp.o)
 .text.__lwp_thread_dispatchenable
                0x80014bb4       0x18 /opt/devkitpro/libogc/lib/wii/libogc.a(lwp.o)
 .text.__lwp_cntrl_open
                0x80014bcc       0x30 /opt/devkitpro/libogc/lib/wii/libogc.a(lwp.o)
 .text.__lwp_tqueue_open
                0x80014bfc       0x30 /opt/devkitpro/libogc/lib/wii/libogc.a(lwp.o)
 .text.__lwp_sysinit
                0x80014c2c      0x108 /opt/devkitpro/libogc/lib/wii/libogc.a(lwp.o)
                0x80014c2c                __lwp_sysinit
 .text.LWP_SuspendThread
                0x80014d34       0x54 /opt/devkitpro/libogc/lib/wii/libogc.a(lwp.o)
                0x80014d34                LWP_SuspendThread
 .text.LWP_ResumeThread
                0x80014d88       0x58 /opt/devkitpro/libogc/lib/wii/libogc.a(lwp.o)
                0x80014d88                LWP_ResumeThread
 .text.LWP_GetSelf
                0x80014de0       0x38 /opt/devkitpro/libogc/lib/wii/libogc.a(lwp.o)
                0x80014de0                LWP_GetSelf
 .text.LWP_InitQueue
                0x80014e18       0x94 /opt/devkitpro/libogc/lib/wii/libogc.a(lwp.o)
                0x80014e18                LWP_InitQueue
 .text.LWP_CloseQueue
                0x80014eac       0x78 /opt/devkitpro/libogc/lib/wii/libogc.a(lwp.o)
                0x80014eac                LWP_CloseQueue
 .text.LWP_ThreadSleep
                0x80014f24       0xa0 /opt/devkitpro/libogc/lib/wii/libogc.a(lwp.o)
                0x80014f24                LWP_ThreadSleep
 .text.LWP_ThreadBroadcast
                0x80014fc4       0x4c /opt/devkitpro/libogc/lib/wii/libogc.a(lwp.o)
                0x80014fc4                LWP_ThreadBroadcast
 .text.LWP_ThreadSignal
                0x80015010       0x40 /opt/devkitpro/libogc/lib/wii/libogc.a(lwp.o)
                0x80015010                LWP_ThreadSignal
 .text.__lwp_stack_allocate
                0x80015050       0x50 /opt/devkitpro/libogc/lib/wii/libogc.a(lwp_stack.o)
                0x80015050                __lwp_stack_allocate
 .text.__lwp_stack_free
                0x800150a0       0x20 /opt/devkitpro/libogc/lib/wii/libogc.a(lwp_stack.o)
                0x800150a0                __lwp_stack_free
 .text.__lwp_wd_settimer.isra.3
                0x800150c0       0x9c /opt/devkitpro/libogc/lib/wii/libogc.a(lwp_watchdog.o)
 .text.__lwp_watchdog_init
                0x8001515c       0x2c /opt/devkitpro/libogc/lib/wii/libogc.a(lwp_watchdog.o)
                0x8001515c                __lwp_watchdog_init
 .text.__lwp_wd_insert
                0x80015188      0x14c /opt/devkitpro/libogc/lib/wii/libogc.a(lwp_watchdog.o)
                0x80015188                __lwp_wd_insert
 .text.__lwp_wd_remove
                0x800152d4       0xd4 /opt/devkitpro/libogc/lib/wii/libogc.a(lwp_watchdog.o)
                0x800152d4                __lwp_wd_remove
 .text.__lwp_wd_tickle
                0x800153a8       0xe8 /opt/devkitpro/libogc/lib/wii/libogc.a(lwp_watchdog.o)
                0x800153a8                __lwp_wd_tickle
 .text.__lwp_wkspace_init
                0x80015490       0xa4 /opt/devkitpro/libogc/lib/wii/libogc.a(lwp_wkspace.o)
                0x80015490                __lwp_wkspace_init
 .text.__lwp_objmgr_initinfo
                0x80015534      0x140 /opt/devkitpro/libogc/lib/wii/libogc.a(lwp_objmgr.o)
                0x80015534                __lwp_objmgr_initinfo
 .text.__lwp_objmgr_getisrdisable
                0x80015674       0x68 /opt/devkitpro/libogc/lib/wii/libogc.a(lwp_objmgr.o)
                0x80015674                __lwp_objmgr_getisrdisable
 .text.__lwp_objmgr_getnoprotection
                0x800156dc       0x24 /opt/devkitpro/libogc/lib/wii/libogc.a(lwp_objmgr.o)
                0x800156dc                __lwp_objmgr_getnoprotection
 .text.__lwp_objmgr_get
                0x80015700       0x68 /opt/devkitpro/libogc/lib/wii/libogc.a(lwp_objmgr.o)
                0x80015700                __lwp_objmgr_get
 .text.__lwp_objmgr_allocate
                0x80015768       0x78 /opt/devkitpro/libogc/lib/wii/libogc.a(lwp_objmgr.o)
                0x80015768                __lwp_objmgr_allocate
 .text.__lwp_objmgr_free
                0x800157e0       0x64 /opt/devkitpro/libogc/lib/wii/libogc.a(lwp_objmgr.o)
                0x800157e0                __lwp_objmgr_free
 .text.__lwp_heap_init
                0x80015844       0xb8 /opt/devkitpro/libogc/lib/wii/libogc.a(lwp_heap.o)
                0x80015844                __lwp_heap_init
 .text.__lwp_heap_allocate
                0x800158fc      0x130 /opt/devkitpro/libogc/lib/wii/libogc.a(lwp_heap.o)
                0x800158fc                __lwp_heap_allocate
 .text.__lwp_heap_free
                0x80015a2c      0x1d8 /opt/devkitpro/libogc/lib/wii/libogc.a(lwp_heap.o)
                0x80015a2c                __lwp_heap_free
 .text.__SetInterrupts
                0x80015c04      0x288 /opt/devkitpro/libogc/lib/wii/libogc.a(irq.o)
 .text.c_irqdispatcher
                0x80015e8c      0x26c /opt/devkitpro/libogc/lib/wii/libogc.a(irq.o)
                0x80015e8c                c_irqdispatcher
 .text.__UnmaskIrq
                0x800160f8       0x7c /opt/devkitpro/libogc/lib/wii/libogc.a(irq.o)
                0x800160f8                __UnmaskIrq
 .text.__MaskIrq
                0x80016174       0x7c /opt/devkitpro/libogc/lib/wii/libogc.a(irq.o)
                0x80016174                __MaskIrq
 .text.__irq_init
                0x800161f0       0x98 /opt/devkitpro/libogc/lib/wii/libogc.a(irq.o)
                0x800161f0                __irq_init
 .text.IRQ_Request
                0x80016288       0x58 /opt/devkitpro/libogc/lib/wii/libogc.a(irq.o)
                0x80016288                IRQ_Request
 .text.IRQ_GetHandler
                0x800162e0       0x4c /opt/devkitpro/libogc/lib/wii/libogc.a(irq.o)
                0x800162e0                IRQ_GetHandler
 .text.IRQ_Disable
                0x8001632c       0x24 /opt/devkitpro/libogc/lib/wii/libogc.a(irq.o)
                0x8001632c                IRQ_Disable
 .text.IRQ_Restore
                0x80016350       0x1c /opt/devkitpro/libogc/lib/wii/libogc.a(irq.o)
                0x80016350                IRQ_Restore
 .text.__viOpenI2C
                0x8001636c       0x24 /opt/devkitpro/libogc/lib/wii/libogc.a(video.o)
 .text.__viSetSCL
                0x80016390       0x24 /opt/devkitpro/libogc/lib/wii/libogc.a(video.o)
 .text.__viSetSDA
                0x800163b4       0x24 /opt/devkitpro/libogc/lib/wii/libogc.a(video.o)
 .text.__setVerticalRegs
                0x800163d8       0xcc /opt/devkitpro/libogc/lib/wii/libogc.a(video.o)
 .text.__adjustPosition
                0x800164a4      0x158 /opt/devkitpro/libogc/lib/wii/libogc.a(video.o)
 .text.__getCurrentHalfLine
                0x800165fc       0x5c /opt/devkitpro/libogc/lib/wii/libogc.a(video.o)
 .text.__setFbbRegs.constprop.3
                0x80016658      0x1b4 /opt/devkitpro/libogc/lib/wii/libogc.a(video.o)
 .text.__VISendI2CData.constprop.1
                0x8001680c      0x294 /opt/devkitpro/libogc/lib/wii/libogc.a(video.o)
 .text.__VIWriteI2CRegister16
                0x80016aa0       0x40 /opt/devkitpro/libogc/lib/wii/libogc.a(video.o)
 .text.__VIWriteI2CRegister8
                0x80016ae0       0x38 /opt/devkitpro/libogc/lib/wii/libogc.a(video.o)
 .text.__VISetYUVSEL
                0x80016b18       0x50 /opt/devkitpro/libogc/lib/wii/libogc.a(video.o)
 .text.VIDEO_Configure
                0x80016b68      0x394 /opt/devkitpro/libogc/lib/wii/libogc.a(video.o)
                0x80016b68                VIDEO_Configure
 .text.VIDEO_WaitVSync
                0x80016efc       0x68 /opt/devkitpro/libogc/lib/wii/libogc.a(video.o)
                0x80016efc                VIDEO_WaitVSync
 .text.VIDEO_SetFramebuffer
                0x80016f64       0xfc /opt/devkitpro/libogc/lib/wii/libogc.a(video.o)
                0x80016f64                VIDEO_SetFramebuffer
 .text.VIDEO_SetNextFramebuffer
                0x80017060       0x64 /opt/devkitpro/libogc/lib/wii/libogc.a(video.o)
                0x80017060                VIDEO_SetNextFramebuffer
 .text.VIDEO_Flush
                0x800170c4       0xfc /opt/devkitpro/libogc/lib/wii/libogc.a(video.o)
                0x800170c4                VIDEO_Flush
 .text.VIDEO_SetBlack
                0x800171c0       0x8c /opt/devkitpro/libogc/lib/wii/libogc.a(video.o)
                0x800171c0                VIDEO_SetBlack
 .text.VIDEO_GetCurrentTvMode
                0x8001724c       0x70 /opt/devkitpro/libogc/lib/wii/libogc.a(video.o)
                0x8001724c                VIDEO_GetCurrentTvMode
 .text.__VIRetraceHandler
                0x800172bc      0x208 /opt/devkitpro/libogc/lib/wii/libogc.a(video.o)
 .text.__VISetupEncoder
                0x800174c4      0x188 /opt/devkitpro/libogc/lib/wii/libogc.a(video.o)
 .text.VIDEO_Init
                0x8001764c      0x420 /opt/devkitpro/libogc/lib/wii/libogc.a(video.o)
                0x8001764c                VIDEO_Init
 .text.VIDEO_GetPreferredMode
                0x80017a6c       0xf4 /opt/devkitpro/libogc/lib/wii/libogc.a(video.o)
                0x80017a6c                VIDEO_GetPreferredMode
 .text.VIDEO_GetCurrentLine
                0x80017b60       0x6c /opt/devkitpro/libogc/lib/wii/libogc.a(video.o)
                0x80017b60                VIDEO_GetCurrentLine
 .text.VIDEO_GetFrameBufferSize
                0x80017bcc       0x30 /opt/devkitpro/libogc/lib/wii/libogc.a(video.o)
                0x80017bcc                VIDEO_GetFrameBufferSize
 .text.VIDEO_ClearFrameBuffer
                0x80017bfc       0x3c /opt/devkitpro/libogc/lib/wii/libogc.a(video.o)
                0x80017bfc                VIDEO_ClearFrameBuffer
 .text.__lwp_thread_dispatchenable
                0x80017c38       0x18 /opt/devkitpro/libogc/lib/wii/libogc.a(mutex.o)
 .text.__lwp_mutex_locksupp.constprop.7
                0x80017c50      0x208 /opt/devkitpro/libogc/lib/wii/libogc.a(mutex.o)
 .text.__lwp_mutex_init
                0x80017e58       0x14 /opt/devkitpro/libogc/lib/wii/libogc.a(mutex.o)
                0x80017e58                __lwp_mutex_init
 .text.LWP_MutexInit
                0x80017e6c       0xc4 /opt/devkitpro/libogc/lib/wii/libogc.a(mutex.o)
                0x80017e6c                LWP_MutexInit
 .text.LWP_MutexDestroy
                0x80017f30       0xac /opt/devkitpro/libogc/lib/wii/libogc.a(mutex.o)
                0x80017f30                LWP_MutexDestroy
 .text.LWP_MutexLock
                0x80017fdc        0x8 /opt/devkitpro/libogc/lib/wii/libogc.a(mutex.o)
                0x80017fdc                LWP_MutexLock
 .text.LWP_MutexUnlock
                0x80017fe4       0x6c /opt/devkitpro/libogc/lib/wii/libogc.a(mutex.o)
                0x80017fe4                LWP_MutexUnlock
 .text.__call_resetfuncs
                0x80018050       0x8c /opt/devkitpro/libogc/lib/wii/libogc.a(system.o)
 .text.__MEMInterruptHandler
                0x800180dc       0x14 /opt/devkitpro/libogc/lib/wii/libogc.a(system.o)
 .text.__RSWDefaultHandler
                0x800180f0        0x4 /opt/devkitpro/libogc/lib/wii/libogc.a(system.o)
 .text.__POWDefaultHandler
                0x800180f4        0x4 /opt/devkitpro/libogc/lib/wii/libogc.a(system.o)
 .text.__locksram
                0x800180f8       0x68 /opt/devkitpro/libogc/lib/wii/libogc.a(system.o)
 .text.__lwp_thread_dispatchenable
                0x80018160       0x18 /opt/devkitpro/libogc/lib/wii/libogc.a(system.o)
 .text.__lwp_wd_insert_ticks
                0x80018178       0x70 /opt/devkitpro/libogc/lib/wii/libogc.a(system.o)
 .text.__sram_write
                0x800181e8      0x100 /opt/devkitpro/libogc/lib/wii/libogc.a(system.o)
 .text.__sram_writecallback
                0x800182e8       0x48 /opt/devkitpro/libogc/lib/wii/libogc.a(system.o)
 .text.__mem_onreset
                0x80018330       0x48 /opt/devkitpro/libogc/lib/wii/libogc.a(system.o)
 .text.__lwp_syswd_open
                0x80018378       0x30 /opt/devkitpro/libogc/lib/wii/libogc.a(system.o)
 .text.__unlocksram
                0x800183a8      0x118 /opt/devkitpro/libogc/lib/wii/libogc.a(system.o)
 .text.__sys_alarmhandler
                0x800184c0       0x94 /opt/devkitpro/libogc/lib/wii/libogc.a(system.o)
 .text.__sram_init
                0x80018554      0x128 /opt/devkitpro/libogc/lib/wii/libogc.a(system.o)
                0x80018554                __sram_init
 .text.__SYS_LockSramEx
                0x8001867c        0x8 /opt/devkitpro/libogc/lib/wii/libogc.a(system.o)
                0x8001867c                __SYS_LockSramEx
 .text.__SYS_UnlockSramEx
                0x80018684        0x8 /opt/devkitpro/libogc/lib/wii/libogc.a(system.o)
                0x80018684                __SYS_UnlockSramEx
 .text.__SYS_GetIPCBufferLo
                0x8001868c        0x8 /opt/devkitpro/libogc/lib/wii/libogc.a(system.o)
                0x8001868c                __SYS_GetIPCBufferLo
 .text.__SYS_GetIPCBufferHi
                0x80018694        0x8 /opt/devkitpro/libogc/lib/wii/libogc.a(system.o)
                0x80018694                __SYS_GetIPCBufferHi
 .text._V_EXPORTNAME
                0x8001869c       0x1c /opt/devkitpro/libogc/lib/wii/libogc.a(system.o)
                0x8001869c                _V_EXPORTNAME
 .text.__SYS_DoPowerCB
                0x800186b8       0x68 /opt/devkitpro/libogc/lib/wii/libogc.a(system.o)
                0x800186b8                __SYS_DoPowerCB
 .text.__SYS_InitCallbacks
                0x80018720       0x24 /opt/devkitpro/libogc/lib/wii/libogc.a(system.o)
                0x80018720                __SYS_InitCallbacks
 .text.__SYS_PreInit
                0x80018744        0x4 /opt/devkitpro/libogc/lib/wii/libogc.a(system.o)
                0x80018744                __SYS_PreInit
 .text.SYS_PreMain
                0x80018748       0x54 /opt/devkitpro/libogc/lib/wii/libogc.a(system.o)
                0x80018748                SYS_PreMain
 .text.SYS_ResetButtonDown